Component: ARM Compiler 5.06 update 6 (build 750) Tool: armlink [4d35ed]

==============================================================================

Section Cross References

    main.o(i.PollRxBuff) refers to ringbuffer.o(i.ring_buff_pop) for ring_buff_pop
    main.o(i.PollRxBuff) refers to nrf_log_frontend.o(i.nrf_log_frontend_std_1) for nrf_log_frontend_std_1
    main.o(i.PollRxBuff) refers to ringbuffer.o(i.ring_buff_available) for ring_buff_available
    main.o(i.PollRxBuff) refers to main.o(.bss) for .bss
    main.o(i.PollRxBuff) refers to main.o(.data) for .data
    main.o(i.PollRxBuff) refers to nrf_log_frontend.o(log_const_data) for m_nrf_log_app_logs_data_const
    main.o(i.UartCommandProcess) refers to printf5.o(i.__0printf$5) for __2printf
    main.o(i.UartCommandProcess) refers to nrf_log_frontend.o(i.nrf_log_frontend_std_0) for nrf_log_frontend_std_0
    main.o(i.UartCommandProcess) refers to main.o(i.nrf_gpio_pin_write) for nrf_gpio_pin_write
    main.o(i.UartCommandProcess) refers to main.o(i.table_convert_to_command_id) for table_convert_to_command_id
    main.o(i.UartCommandProcess) refers to main.o(i.calcu_data_to_send) for calcu_data_to_send
    main.o(i.UartCommandProcess) refers to ble_nus_c.o(i.ble_nus_c_string_send) for ble_nus_c_string_send
    main.o(i.UartCommandProcess) refers to main.o(.bss) for .bss
    main.o(i.UartCommandProcess) refers to nrf_log_frontend.o(log_const_data) for m_nrf_log_app_logs_data_const
    main.o(i.UartCommandProcess) refers to main.o(.data) for .data
    main.o(i.add_handler) refers to main.o(.bss) for .bss
    main.o(i.assert_nrf_callback) refers to app_error_handler_keil.o(.emb_text) for app_error_handler
    main.o(i.ble_evt_handler) refers to nrf_log_frontend.o(i.nrf_log_frontend_std_0) for nrf_log_frontend_std_0
    main.o(i.ble_evt_handler) refers to ble_nus_c.o(i.ble_nus_c_handles_assign) for ble_nus_c_handles_assign
    main.o(i.ble_evt_handler) refers to app_error.o(i.app_error_handler_bare) for app_error_handler_bare
    main.o(i.ble_evt_handler) refers to bsp.o(i.bsp_indication_set) for bsp_indication_set
    main.o(i.ble_evt_handler) refers to ble_db_discovery.o(i.ble_db_discovery_start) for ble_db_discovery_start
    main.o(i.ble_evt_handler) refers to nrf_log_frontend.o(i.nrf_log_frontend_std_2) for nrf_log_frontend_std_2
    main.o(i.ble_evt_handler) refers to nrf_log_frontend.o(log_const_data) for m_nrf_log_app_logs_data_const
    main.o(i.ble_evt_handler) refers to main.o(.bss) for .bss
    main.o(i.ble_evt_handler) refers to main.o(.data) for .data
    main.o(i.ble_nus_c_evt_handler) refers to nrf_log_frontend.o(i.nrf_log_frontend_std_1) for nrf_log_frontend_std_1
    main.o(i.ble_nus_c_evt_handler) refers to main.o(i.remove_handler) for remove_handler
    main.o(i.ble_nus_c_evt_handler) refers to main.o(i.scan_start) for scan_start
    main.o(i.ble_nus_c_evt_handler) refers to ble_nus_c.o(i.ble_nus_c_handles_assign) for ble_nus_c_handles_assign
    main.o(i.ble_nus_c_evt_handler) refers to app_error.o(i.app_error_handler_bare) for app_error_handler_bare
    main.o(i.ble_nus_c_evt_handler) refers to ble_nus_c.o(i.ble_nus_c_tx_notif_enable) for ble_nus_c_tx_notif_enable
    main.o(i.ble_nus_c_evt_handler) refers to nrf_log_frontend.o(i.nrf_log_frontend_std_0) for nrf_log_frontend_std_0
    main.o(i.ble_nus_c_evt_handler) refers to main.o(i.add_handler) for add_handler
    main.o(i.ble_nus_c_evt_handler) refers to main.o(i.ble_nus_chars_received_uart_print) for ble_nus_chars_received_uart_print
    main.o(i.ble_nus_c_evt_handler) refers to nrf_log_frontend.o(log_const_data) for m_nrf_log_app_logs_data_const
    main.o(i.ble_nus_c_evt_handler) refers to main.o(.data) for .data
    main.o(i.ble_nus_chars_received_uart_print) refers to nrf_log_frontend.o(i.nrf_log_frontend_std_0) for nrf_log_frontend_std_0
    main.o(i.ble_nus_chars_received_uart_print) refers to app_uart_fifo.o(i.app_uart_put) for app_uart_put
    main.o(i.ble_nus_chars_received_uart_print) refers to ringbuffer.o(i.ring_buff_push) for ring_buff_push
    main.o(i.ble_nus_chars_received_uart_print) refers to nrf_log_frontend.o(i.nrf_log_frontend_std_1) for nrf_log_frontend_std_1
    main.o(i.ble_nus_chars_received_uart_print) refers to app_error.o(i.app_error_handler_bare) for app_error_handler_bare
    main.o(i.ble_nus_chars_received_uart_print) refers to nrf_log_frontend.o(log_const_data) for m_nrf_log_app_logs_data_const
    main.o(i.ble_nus_chars_received_uart_print) refers to main.o(.bss) for .bss
    main.o(i.bsp_event_handler) refers to nrf_pwr_mgmt.o(i.nrf_pwr_mgmt_shutdown) for nrf_pwr_mgmt_shutdown
    main.o(i.bsp_event_handler) refers to app_error.o(i.app_error_handler_bare) for app_error_handler_bare
    main.o(i.bsp_event_handler) refers to main.o(.bss) for .bss
    main.o(i.calcu_data_to_send) refers to nrf_log_frontend.o(i.nrf_log_frontend_std_4) for nrf_log_frontend_std_4
[...]
    nrf_atfifo_item_put                      0x0002a1f5   Thumb Code    22  nrf_atfifo.o(i.nrf_atfifo_item_put)
    nrf_atomic_flag_clear_fetch              0x0002a20b   Thumb Code     6  nrf_atomic.o(i.nrf_atomic_flag_clear_fetch)
    nrf_atomic_flag_set                      0x0002a211   Thumb Code     6  nrf_atomic.o(i.nrf_atomic_flag_set)
    nrf_atomic_u32_add                       0x0002a217   Thumb Code    12  nrf_atomic.o(i.nrf_atomic_u32_add)
    nrf_atomic_u32_fetch_and                 0x0002a223   Thumb Code    10  nrf_atomic.o(i.nrf_atomic_u32_fetch_and)
    nrf_atomic_u32_fetch_store               0x0002a22d   Thumb Code    10  nrf_atomic.o(i.nrf_atomic_u32_fetch_store)
    nrf_atomic_u32_or                        0x0002a237   Thumb Code    12  nrf_atomic.o(i.nrf_atomic_u32_or)
    nrf_atomic_u32_sub                       0x0002a243   Thumb Code    12  nrf_atomic.o(i.nrf_atomic_u32_sub)
    nrf_balloc_alloc                         0x0002a24f   Thumb Code    68  nrf_balloc.o(i.nrf_balloc_alloc)
    nrf_balloc_free                          0x0002a293   Thumb Code    48  nrf_balloc.o(i.nrf_balloc_free)
    nrf_balloc_init                          0x0002a2c3   Thumb Code    48  nrf_balloc.o(i.nrf_balloc_init)
    nrf_ble_gatt_att_mtu_central_set         0x0002a303   Thumb Code    24  nrf_ble_gatt.o(i.nrf_ble_gatt_att_mtu_central_set)
    nrf_ble_gatt_init                        0x0002a31b   Thumb Code    44  nrf_ble_gatt.o(i.nrf_ble_gatt_init)
    nrf_ble_gatt_on_ble_evt                  0x0002a349   Thumb Code   302  nrf_ble_gatt.o(i.nrf_ble_gatt_on_ble_evt)
    nrf_ble_gq_conn_handle_register          0x0002a4b9   Thumb Code   110  nrf_ble_gq.o(i.nrf_ble_gq_conn_handle_register)
    nrf_ble_gq_item_add                      0x0002a529   Thumb Code   154  nrf_ble_gq.o(i.nrf_ble_gq_item_add)
    nrf_ble_gq_on_ble_evt                    0x0002a5c9   Thumb Code    96  nrf_ble_gq.o(i.nrf_ble_gq_on_ble_evt)
    nrf_ble_scan_filter_set                  0x0002a6ad   Thumb Code   166  nrf_ble_scan.o(i.nrf_ble_scan_filter_set)
    nrf_ble_scan_filters_disable             0x0002a753   Thumb Code    20  nrf_ble_scan.o(i.nrf_ble_scan_filters_disable)
    nrf_ble_scan_filters_enable              0x0002a767   Thumb Code    70  nrf_ble_scan.o(i.nrf_ble_scan_filters_enable)
    nrf_ble_scan_init                        0x0002a7ad   Thumb Code   112  nrf_ble_scan.o(i.nrf_ble_scan_init)
    nrf_ble_scan_on_ble_evt                  0x0002a967   Thumb Code   128  nrf_ble_scan.o(i.nrf_ble_scan_on_ble_evt)
    nrf_ble_scan_start                       0x0002a9e9   Thumb Code    92  nrf_ble_scan.o(i.nrf_ble_scan_start)
    nrf_drv_clock_init                       0x0002aa91   Thumb Code    56  nrf_drv_clock.o(i.nrf_drv_clock_init)
    nrf_drv_clock_lfclk_release              0x0002aad1   Thumb Code    48  nrf_drv_clock.o(i.nrf_drv_clock_lfclk_release)
    nrf_drv_clock_lfclk_request              0x0002ab05   Thumb Code    78  nrf_drv_clock.o(i.nrf_drv_clock_lfclk_request)
    nrf_drv_uart_init                        0x0002ab65   Thumb Code    90  nrf_drv_uart.o(i.nrf_drv_uart_init)
    nrf_fprintf                              0x0002ac0d   Thumb Code    26  nrf_fprintf.o(i.nrf_fprintf)
    nrf_fprintf_buffer_flush                 0x0002ac27   Thumb Code    24  nrf_fprintf.o(i.nrf_fprintf_buffer_flush)
    nrf_fprintf_fmt                          0x0002ac3f   Thumb Code   474  nrf_fprintf_format.o(i.nrf_fprintf_fmt)
    nrf_log_backend_add                      0x0002b03d   Thumb Code    86  nrf_log_frontend.o(i.nrf_log_backend_add)
    nrf_log_backend_rtt_init                 0x0002b09b   Thumb Code     4  nrf_log_backend_rtt.o(i.nrf_log_backend_rtt_init)
    nrf_log_backend_serial_put               0x0002b0b9   Thumb Code   200  nrf_log_backend_serial.o(i.nrf_log_backend_serial_put)
    nrf_log_color_id_get                     0x0002b181   Thumb Code    42  nrf_log_frontend.o(i.nrf_log_color_id_get)
    nrf_log_default_backends_init            0x0002b1b1   Thumb Code    24  nrf_log_default_backends.o(i.nrf_log_default_backends_init)
    nrf_log_frontend_dequeue                 0x0002b1cd   Thumb Code   528  nrf_log_frontend.o(i.nrf_log_frontend_dequeue)
    nrf_log_frontend_std_0                   0x0002b405   Thumb Code     8  nrf_log_frontend.o(i.nrf_log_frontend_std_0)
    nrf_log_frontend_std_1                   0x0002b40d   Thumb Code    14  nrf_log_frontend.o(i.nrf_log_frontend_std_1)
    nrf_log_frontend_std_2                   0x0002b41b   Thumb Code    16  nrf_log_frontend.o(i.nrf_log_frontend_std_2)
    nrf_log_frontend_std_3                   0x0002b42b   Thumb Code    18  nrf_log_frontend.o(i.nrf_log_frontend_std_3)
    nrf_log_frontend_std_4                   0x0002b43d   Thumb Code    20  nrf_log_frontend.o(i.nrf_log_frontend_std_4)
    nrf_log_frontend_std_6                   0x0002b451   Thumb Code    28  nrf_log_frontend.o(i.nrf_log_frontend_std_6)
    nrf_log_hexdump_entry_process            0x0002b46d   Thumb Code   150  nrf_log_str_formatter.o(i.nrf_log_hexdump_entry_process)
    nrf_log_init                             0x0002b51d   Thumb Code    28  nrf_log_frontend.o(i.nrf_log_init)
    nrf_log_module_cnt_get                   0x0002b545   Thumb Code    10  nrf_log_frontend.o(i.nrf_log_module_cnt_get)
    nrf_log_module_name_get                  0x0002b559   Thumb Code    24  nrf_log_frontend.o(i.nrf_log_module_name_get)
    nrf_log_panic                            0x0002b575   Thumb Code    36  nrf_log_frontend.o(i.nrf_log_panic)
    nrf_log_std_entry_process                0x0002b59d   Thumb Code   182  nrf_log_str_formatter.o(i.nrf_log_std_entry_process)
    nrf_memobj_alloc                         0x0002b653   Thumb Code    96  nrf_memobj.o(i.nrf_memobj_alloc)
    nrf_memobj_free                          0x0002b6b3   Thumb Code    50  nrf_memobj.o(i.nrf_memobj_free)
    nrf_memobj_get                           0x0002b6e5   Thumb Code     8  nrf_memobj.o(i.nrf_memobj_get)
    nrf_memobj_pool_init                     0x0002b6ed   Thumb Code     4  nrf_memobj.o(i.nrf_memobj_pool_init)
    nrf_memobj_put                           0x0002b6f1   Thumb Code    30  nrf_memobj.o(i.nrf_memobj_put)
    nrf_memobj_read                          0x0002b70f   Thumb Code    16  nrf_memobj.o(i.nrf_memobj_read)
    nrf_memobj_write                         0x0002b71f   Thumb Code    16  nrf_memobj.o(i.nrf_memobj_write)
    nrf_pwr_mgmt_init                        0x0002b731   Thumb Code    28  nrf_pwr_mgmt.o(i.nrf_pwr_mgmt_init)
    nrf_pwr_mgmt_run                         0x0002b759   Thumb Code    64  nrf_pwr_mgmt.o(i.nrf_pwr_mgmt_run)
    nrf_pwr_mgmt_shutdown                    0x0002b79d   Thumb Code    54  nrf_pwr_mgmt.o(i.nrf_pwr_mgmt_shutdown)
    nrf_queue_generic_pop                    0x0002b7d9   Thumb Code   142  nrf_queue.o(i.nrf_queue_generic_pop)
    nrf_queue_is_empty                       0x0002b867   Thumb Code    18  nrf_queue.o(i.nrf_queue_is_empty)
    nrf_queue_is_full                        0x0002b879   Thumb Code    30  nrf_queue.o(i.nrf_queue_is_full)
    nrf_queue_push                           0x0002b8a5   Thumb Code   178  nrf_queue.o(i.nrf_queue_push)
    nrf_ringbuf_init                         0x0002b957   Thumb Code    28  nrf_ringbuf.o(i.nrf_ringbuf_init)
    nrf_sdh_ble_app_ram_start_get            0x0002b9c9   Thumb Code    16  nrf_sdh_ble.o(i.nrf_sdh_ble_app_ram_start_get)
    nrf_sdh_ble_default_cfg_set              0x0002b9dd   Thumb Code   274  nrf_sdh_ble.o(i.nrf_sdh_ble_default_cfg_set)
    nrf_sdh_ble_enable                       0x0002bb11   Thumb Code   116  nrf_sdh_ble.o(i.nrf_sdh_ble_enable)
    nrf_sdh_enable_request                   0x0002bca1   Thumb Code   102  nrf_sdh.o(i.nrf_sdh_enable_request)
    nrf_sdh_evts_poll                        0x0002bd15   Thumb Code    32  nrf_sdh.o(i.nrf_sdh_evts_poll)
    nrf_sdh_is_enabled                       0x0002bd39   Thumb Code     6  nrf_sdh.o(i.nrf_sdh_is_enabled)
    nrf_section_iter_init                    0x0002bd81   Thumb Code    10  nrf_section_iter.o(i.nrf_section_iter_init)
    nrf_section_iter_next                    0x0002bdaf   Thumb Code    32  nrf_section_iter.o(i.nrf_section_iter_next)
    nrf_sortlist_add                         0x0002bdcf   Thumb Code    34  nrf_sortlist.o(i.nrf_sortlist_add)
    nrf_sortlist_peek                        0x0002bdf1   Thumb Code     6  nrf_sortlist.o(i.nrf_sortlist_peek)
    nrf_sortlist_pop                         0x0002bdf7   Thumb Code    14  nrf_sortlist.o(i.nrf_sortlist_pop)
    nrf_sortlist_remove                      0x0002be05   Thumb Code    30  nrf_sortlist.o(i.nrf_sortlist_remove)
    nrf_strerror_find                        0x0002be25   Thumb Code    52  nrf_strerror.o(i.nrf_strerror_find)
    nrf_strerror_get                         0x0002be5d   Thumb Code    14  nrf_strerror.o(i.nrf_strerror_get)
    nrfx_clock_enable                        0x0002bedd   Thumb Code    34  nrfx_clock.o(i.nrfx_clock_enable)
    nrfx_clock_init                          0x0002bf09   Thumb Code    26  nrfx_clock.o(i.nrfx_clock_init)
    nrfx_clock_lfclk_start                   0x0002bf29   Thumb Code    64  nrfx_clock.o(i.nrfx_clock_lfclk_start)
    nrfx_clock_lfclk_stop                    0x0002bf75   Thumb Code    38  nrfx_clock.o(i.nrfx_clock_lfclk_stop)
    nrfx_gpiote_in_event_enable              0x0002bfd5   Thumb Code   152  nrfx_gpiote.o(i.nrfx_gpiote_in_event_enable)
    nrfx_gpiote_in_init                      0x0002c075   Thumb Code   190  nrfx_gpiote.o(i.nrfx_gpiote_in_init)
    nrfx_gpiote_in_is_set                    0x0002c141   Thumb Code    20  nrfx_gpiote.o(i.nrfx_gpiote_in_is_set)
    nrfx_gpiote_init                         0x0002c155   Thumb Code   102  nrfx_gpiote.o(i.nrfx_gpiote_init)
    nrfx_gpiote_is_init                      0x0002c1c9   Thumb Code    14  nrfx_gpiote.o(i.nrfx_gpiote_is_init)
    nrfx_prs_acquire                         0x0002c1ed   Thumb Code    58  nrfx_prs.o(i.nrfx_prs_acquire)
    nrfx_saadc_channel_init                  0x0002c229   Thumb Code   160  nrfx_saadc.o(i.nrfx_saadc_channel_init)
    nrfx_saadc_init                          0x0002c2d5   Thumb Code   130  nrfx_saadc.o(i.nrfx_saadc_init)
    nrfx_saadc_sample_convert                0x0002c369   Thumb Code   182  nrfx_saadc.o(i.nrfx_saadc_sample_convert)
    nrfx_uart_0_irq_handler                  0x0002c429   Thumb Code     8  nrfx_uart.o(i.nrfx_uart_0_irq_handler)
    nrfx_uart_init                           0x0002c439   Thumb Code   200  nrfx_uart.o(i.nrfx_uart_init)
    nrfx_uart_rx                             0x0002c50d   Thumb Code   230  nrfx_uart.o(i.nrfx_uart_rx)
    nrfx_uart_tx                             0x0002c5f9   Thumb Code   162  nrfx_uart.o(i.nrfx_uart_tx)
    nrfx_uart_tx_in_progress                 0x0002c6a1   Thumb Code    26  nrfx_uart.o(i.nrfx_uart_tx_in_progress)
    nrfx_uarte_0_irq_handler                 0x0002c6c1   Thumb Code     8  nrfx_uarte.o(i.nrfx_uarte_0_irq_handler)
    nrfx_uarte_init                          0x0002c6d1   Thumb Code   100  nrfx_uarte.o(i.nrfx_uarte_init)
    nrfx_uarte_rx                            0x0002c73d   Thumb Code   256  nrfx_uarte.o(i.nrfx_uarte_rx)
    nrfx_uarte_tx                            0x0002c841   Thumb Code   166  nrfx_uarte.o(i.nrfx_uarte_tx)
    nrfx_uarte_tx_in_progress                0x0002c8ed   Thumb Code    22  nrfx_uarte.o(i.nrfx_uarte_tx_in_progress)
    nvmc_config                              0x0002c90d   Thumb Code    14  system_nrf52.o(i.nvmc_config)
    processDataReceiver                      0x0002cfcd   Thumb Code    62  main.o(i.processDataReceiver)
    read_1_bit_data                          0x0002d21d   Thumb Code    68  dht11.o(i.read_1_bit_data)
    read_1_byte_data                         0x0002d261   Thumb Code    26  dht11.o(i.read_1_byte_data)
    read_5_byte_data                         0x0002d27b   Thumb Code    80  dht11.o(i.read_5_byte_data)
    read_adc                                 0x0002d2cb   Thumb Code    94  adc.o(i.read_adc)
    remove_handler                           0x0002d361   Thumb Code    64  main.o(i.remove_handler)
    reset_handler                            0x0002d4a1   Thumb Code    44  main.o(i.reset_handler)
    ring_buff_available                      0x0002d4d1   Thumb Code    16  ringbuffer.o(i.ring_buff_available)
    ring_buff_init                           0x0002d4e1   Thumb Code    12  ringbuffer.o(i.ring_buff_init)
    ring_buff_pop                            0x0002d4ed   Thumb Code    40  ringbuffer.o(i.ring_buff_pop)
    ring_buff_push                           0x0002d515   Thumb Code    38  ringbuffer.o(i.ring_buff_push)
    saadc_callback_handler                   0x0002d6ef   Thumb Code     2  main.o(i.saadc_callback_handler)
    table_convert_to_command_id              0x0002db15   Thumb Code   290  main.o(i.table_convert_to_command_id)
    uart_event_handle                        0x0002e13d   Thumb Code   116  main.o(i.uart_event_handle)
    nrf_log_backend_rtt_api                  0x0002e9d8   Data          12  nrf_log_backend_rtt.o(.constdata)
    m_ram_start                              0x0002ea7c   Data           4  nrf_sdh_ble.o(.constdata)
    __ctype_table                            0x0002eb76   Data         129  ctype_o.o(.constdata)
    Region$$Table$$Base                      0x0002f4e4   Number         0  anon$$obj.o(Region$$Table)
    Region$$Table$$Limit                     0x0002f504   Number         0  anon$$obj.o(Region$$Table)
    log_const_data$$Base                     0x0002f514   Number         0  ble_db_discovery.o(log_const_data)
    m_nrf_log_ble_db_disc_logs_data_const    0x0002f514   Data           8  ble_db_discovery.o(log_const_data)
    m_nrf_log_nrf_ble_gatt_logs_data_const   0x0002f51c   Data           8  nrf_ble_gatt.o(log_const_data)
    m_nrf_log_nrf_ble_gq_logs_data_const     0x0002f524   Data           8  nrf_ble_gq.o(log_const_data)
    m_nrf_log_ble_scan_logs_data_const       0x0002f52c   Data           8  nrf_ble_scan.o(log_const_data)
    m_nrf_log_ble_nus_c_logs_data_const      0x0002f534   Data           8  ble_nus_c.o(log_const_data)
    m_nrf_log_clock_logs_data_const          0x0002f53c   Data           8  nrf_drv_clock.o(log_const_data)
    m_nrf_log_CLOCK_logs_data_const          0x0002f544   Data           8  nrfx_clock.o(log_const_data)
    m_nrf_log_GPIOTE_logs_data_const         0x0002f54c   Data           8  nrfx_gpiote.o(log_const_data)
    m_nrf_log_PRS_logs_data_const            0x0002f554   Data           8  nrfx_prs.o(log_const_data)
    m_nrf_log_UART_logs_data_const           0x0002f55c   Data           8  nrfx_uart.o(log_const_data)
    m_nrf_log_UARTE_logs_data_const          0x0002f564   Data           8  nrfx_uarte.o(log_const_data)
    m_nrf_log_TWIM_logs_data_const           0x0002f56c   Data           8  nrfx_twim.o(log_const_data)
    m_nrf_log_TIMER_logs_data_const          0x0002f574   Data           8  nrfx_timer.o(log_const_data)
    m_nrf_log_app_button_logs_data_const     0x0002f57c   Data           8  app_button.o(log_const_data)
    m_nrf_log_app_timer_logs_data_const      0x0002f584   Data           8  app_timer2.o(log_const_data)
    m_nrf_log_pwr_mgmt_logs_data_const       0x0002f58c   Data           8  nrf_pwr_mgmt.o(log_const_data)
    m_nrf_log_sortlist_logs_data_const       0x0002f594   Data           8  nrf_sortlist.o(log_const_data)
    m_nrf_log_SAADC_logs_data_const          0x0002f59c   Data           8  nrfx_saadc.o(log_const_data)
    m_nrf_log_app_logs_data_const            0x0002f5a4   Data           8  nrf_log_frontend.o(log_const_data)
    m_nrf_log_nrf_sdh_logs_data_const        0x0002f5ac   Data           8  nrf_sdh.o(log_const_data)
    m_nrf_log_nrf_sdh_ble_logs_data_const    0x0002f5b4   Data           8  nrf_sdh_ble.o(log_const_data)
    m_nrf_log_nrf_sdh_soc_logs_data_const    0x0002f5bc   Data           8  nrf_sdh_soc.o(log_const_data)
    log_const_data$$Limit                    0x0002f5c4   Number         0  nrf_sdh_soc.o(log_const_data)
    m_ble_gatt_queuepool                     0x0002f5c4   Data          20  main.o(nrf_balloc)
    log_mempool                              0x0002f5d8   Data          20  nrf_log_frontend.o(nrf_balloc)
    m_ble_gatt_queuepurge_queue              0x0002f5ec   Data          20  main.o(nrf_queue)
    pwr_mgmt_data1$$Base                     0x0002f600   Number         0  main.o(pwr_mgmt_data1)
    pwr_mgmt_data1$$Limit                    0x0002f604   Number         0  main.o(pwr_mgmt_data1)
    sdh_ble_observers1$$Base                 0x0002f604   Number         0  main.o(sdh_ble_observers1)
    sdh_ble_observers1$$Limit                0x0002f62c   Number         0  bsp_btn_ble.o(sdh_ble_observers1)
    sdh_ble_observers2$$Base                 0x0002f62c   Number         0  main.o(sdh_ble_observers2)
    sdh_ble_observers2$$Limit                0x0002f634   Number         0  main.o(sdh_ble_observers2)
    sdh_ble_observers3$$Base                 0x0002f634   Number         0  main.o(sdh_ble_observers3)
    sdh_ble_observers3$$Limit                0x0002f63c   Number         0  main.o(sdh_ble_observers3)
    sdh_soc_observers0$$Base                 0x0002f63c   Number         0  nrf_drv_clock.o(sdh_soc_observers0)
    sdh_soc_observers0$$Limit                0x0002f644   Number         0  nrf_drv_clock.o(sdh_soc_observers0)
    sdh_stack_observers0$$Base               0x0002f644   Number         0  nrf_sdh_ble.o(sdh_stack_observers0)
    sdh_stack_observers0$$Limit              0x0002f654   Number         0  nrf_sdh_soc.o(sdh_stack_observers0)
    sdh_state_observers0$$Base               0x0002f654   Number         0  nrf_drv_clock.o(sdh_state_observers0)
    sdh_state_observers0$$Limit              0x0002f65c   Number         0  nrf_drv_clock.o(sdh_state_observers0)
    Image$$RW_IRAM1$$Base                    0x2000ad68   Number         0  anon$$obj.o ABSOLUTE
    p_ble_nus_c_mem                          0x2000ad70   Data           4  main.o(.data)
    nrf_drv_uart_use_easy_dma                0x2000b3a0   Data           1  nrf_drv_uart.o(.data)
    __stdout                                 0x2000b42c   Data           4  retarget.o(.data)
    SystemCoreClock                          0x2000b494   Data           4  system_nrf52.o(.data)
    arr_mem_data                             0x2000b4b8   Data          50  main.o(.bss)
    byRxBuffer2                              0x2000b4ea   Data          50  main.o(.bss)
    mem_connect                              0x2000b900   Data         600  main.o(.bss)
    nrf_nvic_state                           0x2000c210   Data          12  app_util_platform.o(.bss)
    _SEGGER_RTT                              0x2000c810   Data         120  segger_rtt.o(.bss)
    __initial_sp                             0x2000ea98   Data           0  arm_startup_nrf52.o(STACK)



==============================================================================

Memory Map of the image

  Image Entry point : 0x00026201

  Load Region LR_IROM1 (Base: 0x00026000, Size: 0x00009d8c, Max: 0x0005a000, ABSOLUTE, COMPRESSED[0x000096c8])

    Execution Region ER_IROM1 (Exec base: 0x00026000, Load base: 0x00026000, Size: 0x0000965c, Max: 0x0005a000, ABSOLUTE)

    Exec Addr    Load Addr    Size         Type   Attr      Idx    E Section Name        Object

    0x00026000   0x00026000   0x00000200   Data   RO         6308    RESET               arm_startup_nrf52.o
    0x00026200   0x00026200   0x00000000   Code   RO         6374  * .ARM.Collect$$$$00000000  mc_w.l(entry.o)
    0x00026200   0x00026200   0x00000004   Code   RO         6696    .ARM.Collect$$$$00000001  mc_w.l(entry2.o)
    0x00026204   0x00026204   0x00000004   Code   RO         6699    .ARM.Collect$$$$00000004  mc_w.l(entry5.o)
    0x00026208   0x00026208   0x00000000   Code   RO         6701    .ARM.Collect$$$$00000008  mc_w.l(entry7b.o)
    0x00026208   0x00026208   0x00000000   Code   RO         6703    .ARM.Collect$$$$0000000A  mc_w.l(entry8b.o)
    0x00026208   0x00026208   0x00000008   Code   RO         6704    .ARM.Collect$$$$0000000B  mc_w.l(entry9a.o)
    0x00026210   0x00026210   0x00000000   Code   RO         6706    .ARM.Collect$$$$0000000D  mc_w.l(entry10a.o)
    0x00026210   0x00026210   0x00000000   Code   RO         6708    .ARM.Collect$$$$0000000F  mc_w.l(entry11a.o)
    0x00026210   0x00026210   0x00000004   Code   RO         6697    .ARM.Collect$$$$00002712  mc_w.l(entry2.o)
    0x00026214   0x00026214   0x000000c8   Code   RO         4023    .emb_text           nrf_atfifo.o
    0x000262dc   0x000262dc   0x000000e2   Code   RO         4093    .emb_text           nrf_atomic.o
    0x000263be   0x000263be   0x00000002   PAD
    0x000263c0   0x000263c0   0x00000024   Code   RO         6309    .text               arm_startup_nrf52.o
    0x000263e4   0x000263e4   0x00000062   Code   RO         6377    .text               mc_w.l(uldiv.o)
    0x00026446   0x00026446   0x0000001e   Code   RO         6379    .text               mc_w.l(llshl.o)
    0x00026464   0x00026464   0x00000008   Code   RO         6381    .text               mc_w.l(ctype_o.o)
    0x0002646c   0x0002646c   0x00000012   Code   RO         6403    .text               mc_w.l(isspace_o.o)
    0x0002647e   0x0002647e   0x00000024   Code   RO         6409    .text               mc_w.l(memcpya.o)
    0x000264a2   0x000264a2   0x00000024   Code   RO         6411    .text               mc_w.l(memseta.o)
    0x000264c6   0x000264c6   0x0000000e   Code   RO         6413    .text               mc_w.l(strlen.o)
    0x000264d4   0x000264d4   0x0000001c   Code   RO         6415    .text               mc_w.l(strcmp.o)
    0x000264f0   0x000264f0   0x0000001a   Code   RO         6417    .text               mc_w.l(memcmp.o)
    0x0002650a   0x0002650a   0x00000012   Code   RO         6419    .text               mc_w.l(strcpy.o)
    0x0002651c   0x0002651c   0x00000038   Code   RO         6684    .text               mc_w.l(__0sscanf.o)
    0x00026554   0x00026554   0x0000014c   Code   RO         6686    .text               mc_w.l(_scanf_int.o)
    0x000266a0   0x000266a0   0x000000e4   Code   RO         6688    .text               mf_w.l(dmul.o)
    0x00026784   0x00026784   0x0000001a   Code   RO         6692    .text               mf_w.l(dfltui.o)
    0x0002679e   0x0002679e   0x00000032   Code   RO         6694    .text               mf_w.l(dfixui.o)
    0x000267d0   0x000267d0   0x00000020   Code   RO         6712    .text               mc_w.l(llushr.o)
    0x000267f0   0x000267f0   0x0000001c   Code   RO         6714    .text               mc_w.l(_chval.o)
    0x0002680c   0x0002680c   0x00000028   Code   RO         6716    .text               mc_w.l(scanf_char.o)
    0x00026834   0x00026834   0x00000040   Code   RO         6718    .text               mc_w.l(_sgetc.o)
    0x00026874   0x00026874   0x00000000   Code   RO         6720    .text               mc_w.l(iusefp.o)
    0x00026874   0x00026874   0x000000ba   Code   RO         6721    .text               mf_w.l(depilogue.o)
    0x0002692e   0x0002692e   0x00000002   PAD
    0x00026930   0x00026930   0x00000024   Code   RO         6729    .text               mc_w.l(init.o)
    0x00026954   0x00026954   0x0000032c   Code   RO         6735    .text               mc_w.l(_scanf.o)
    0x00026c80   0x00026c80   0x00000056   Code   RO         6748    .text               mc_w.l(__dczerorl2.o)
    0x00026cd6   0x00026cd6   0x00000016   Code   RO         6174    i.DHT11_Init        dht11.o
    0x00026cec   0x00026cec   0x000000a4   Code   RO         2119    i.GPIOTE_IRQHandler  nrfx_gpiote.o
    0x00026d90   0x00026d90   0x00000058   Code   RO         1980    i.POWER_CLOCK_IRQHandler  nrfx_clock.o
    0x00026de8   0x00026de8   0x000000fc   Code   RO            4    i.PollRxBuff        main.o
    0x00026ee4   0x00026ee4   0x00000010   Code   RO         3812    i.RTC1_IRQHandler   drv_rtc.o
    0x00026ef4   0x00026ef4   0x00000148   Code   RO         4937    i.SAADC_IRQHandler  nrfx_saadc.o
    0x0002703c   0x0002703c   0x00000004   Code   RO         5489    i.SEGGER_RTT_Init   segger_rtt.o
    0x00027040   0x00027040   0x0000005c   Code   RO         5503    i.SEGGER_RTT_WriteNoLock  segger_rtt.o
    0x0002709c   0x0002709c   0x00000010   Code   RO         2915    i.SPIM0_SPIS0_TWIM0_TWIS0_SPI0_TWI0_IRQHandler  nrfx_twim.o
    0x000270ac   0x000270ac   0x00000010   Code   RO         2916    i.SPIM1_SPIS1_TWIM1_TWIS1_SPI1_TWI1_IRQHandler  nrfx_twim.o
    0x000270bc   0x000270bc   0x00000004   Code   RO         5740    i.SWI2_EGU2_IRQHandler  nrf_sdh.o
    0x000270c0   0x000270c0   0x00000034   Code   RO         6175    i.Start_DHT11       dht11.o
    0x000270f4   0x000270f4   0x00000084   Code   RO         6317    i.SystemInit        system_nrf52.o
    0x00027178   0x00027178   0x00000014   Code   RO         3078    i.TIMER0_IRQHandler  nrfx_timer.o
    0x0002718c   0x0002718c   0x00000014   Code   RO         3079    i.TIMER2_IRQHandler  nrfx_timer.o
    0x000271a0   0x000271a0   0x0000000c   Code   RO         2424    i.UARTE0_UART0_IRQHandler  nrfx_prs.o
    0x000271ac   0x000271ac   0x000003e0   Code   RO            5    i.UartCommandProcess  main.o
    0x0002758c   0x0002758c   0x00000068   Code   RO         5507    i._DoInit           segger_rtt.o
    0x000275f4   0x000275f4   0x00000016   Code   RO         5508    i._GetAvailWriteSpace  segger_rtt.o
    0x0002760a   0x0002760a   0x0000001a   Code   RO         2917    i._NRFX_IRQ_PENDING_CLEAR  nrfx_twim.o
    0x00027624   0x00027624   0x0000005a   Code   RO         5510    i._WriteBlocking    segger_rtt.o
    0x0002767e   0x0002767e   0x00000042   Code   RO         5511    i._WriteNoCheck     segger_rtt.o
    0x000276c0   0x000276c0   0x00000020   Code   RO         6556    i.__0printf$5       mc_w.l(printf5.o)
    0x000276e0   0x000276e0   0x00000028   Code   RO         6558    i.__0sprintf$5      mc_w.l(printf5.o)
    0x00027708   0x00027708   0x0000000e   Code   RO         6742    i.__scatterload_copy  mc_w.l(handlers.o)
    0x00027716   0x00027716   0x00000002   Code   RO         6743    i.__scatterload_null  mc_w.l(handlers.o)
    0x00027718   0x00027718   0x0000000e   Code   RO         6744    i.__scatterload_zeroinit  mc_w.l(handlers.o)
    0x00027726   0x00027726   0x00000002   PAD
    0x00027728   0x00027728   0x00000024   Code   RO         5741    i.__sd_nvic_app_accessible_irq  nrf_sdh.o
    0x0002774c   0x0002774c   0x000002c0   Code   RO         6563    i._printf_core      mc_w.l(printf5.o)
    0x00027a0c   0x00027a0c   0x0000000a   Code   RO         6565    i._sputc            mc_w.l(printf5.o)
    0x00027a16   0x00027a16   0x00000002   PAD
    0x00027a18   0x00027a18   0x00000108   Code   RO         6014    i.adc_ref_grou_init  adc.o
    0x00027b20   0x00027b20   0x00000038   Code   RO            6    i.add_handler       main.o
    0x00027b58   0x00027b58   0x00000036   Code   RO          827    i.advertising_buttons_configure  bsp_btn_ble.o
    0x00027b8e   0x00027b8e   0x00000006   Code   RO          710    i.alert_timer_handler  bsp.o
    0x00027b94   0x00027b94   0x00000024   Code   RO         3219    i.app_button_enable  app_button.o
    0x00027bb8   0x00027bb8   0x00000080   Code   RO         3220    i.app_button_init   app_button.o
    0x00027c38   0x00027c38   0x00000084   Code   RO         3370    i.app_error_fault_handler  app_error_weak.o
    0x00027cbc   0x00027cbc   0x00000016   Code   RO         3314    i.app_error_handler_bare  app_error.o
    0x00027cd2   0x00027cd2   0x00000016   Code   RO         3405    i.app_fifo_get      app_fifo.o
    0x00027ce8   0x00027ce8   0x00000020   Code   RO         3406    i.app_fifo_init     app_fifo.o
    0x00027d08   0x00027d08   0x0000001a   Code   RO         3408    i.app_fifo_put      app_fifo.o
    0x00027d22   0x00027d22   0x00000002   PAD
    0x00027d24   0x00027d24   0x0000000c   Code   RO         3529    i.app_timer_cnt_get  app_timer2.o
    0x00027d30   0x00027d30   0x00000016   Code   RO         3530    i.app_timer_create  app_timer2.o
    0x00027d46   0x00027d46   0x00000002   PAD
    0x00027d48   0x00027d48   0x0000005c   Code   RO         3531    i.app_timer_init    app_timer2.o
    0x00027da4   0x00027da4   0x00000030   Code   RO         3534    i.app_timer_start   app_timer2.o
    0x00027dd4   0x00027dd4   0x0000000c   Code   RO         3535    i.app_timer_stop    app_timer2.o
    0x00027de0   0x00027de0   0x00000034   Code   RO         3669    i.app_uart_get      app_uart_fifo.o
    0x00027e14   0x00027e14   0x000000a4   Code   RO         3670    i.app_uart_init     app_uart_fifo.o
    0x00027eb8   0x00027eb8   0x00000054   Code   RO         3671    i.app_uart_put      app_uart_fifo.o
    0x00027f0c   0x00027f0c   0x00000048   Code   RO         3744    i.app_util_critical_region_enter  app_util_platform.o
    0x00027f54   0x00027f54   0x00000034   Code   RO         3745    i.app_util_critical_region_exit  app_util_platform.o
    0x00027f88   0x00027f88   0x00000088   Code   RO         2478    i.apply_config      nrfx_uart.o
    0x00028010   0x00028010   0x00000088   Code   RO         2666    i.apply_config      nrfx_uarte.o
    0x00028098   0x00028098   0x00000044   Code   RO          938    i.ble_advdata_name_find  ble_advdata.o
    0x000280dc   0x000280dc   0x00000046   Code   RO          940    i.ble_advdata_search  ble_advdata.o
    0x00028122   0x00028122   0x000000b6   Code   RO          942    i.ble_advdata_uuid_find  ble_advdata.o
    0x000281d8   0x000281d8   0x00000040   Code   RO         1050    i.ble_db_discovery_evt_register  ble_db_discovery.o
    0x00028218   0x00028218   0x00000024   Code   RO         1051    i.ble_db_discovery_init  ble_db_discovery.o
    0x0002823c   0x0002823c   0x0000005c   Code   RO         1052    i.ble_db_discovery_on_ble_evt  ble_db_discovery.o
    0x00028298   0x00028298   0x00000028   Code   RO         1053    i.ble_db_discovery_start  ble_db_discovery.o
    0x000282c0   0x000282c0   0x00000120   Code   RO            8    i.ble_evt_handler   main.o
    0x000283e0   0x000283e0   0x00000070   Code   RO          828    i.ble_evt_handler   bsp_btn_ble.o
    0x00028450   0x00028450   0x00000108   Code   RO            9    i.ble_nus_c_evt_handler  main.o
    0x00028558   0x00028558   0x0000001c   Code   RO         1558    i.ble_nus_c_handles_assign  ble_nus_c.o
    0x00028574   0x00028574   0x00000058   Code   RO         1559    i.ble_nus_c_init    ble_nus_c.o
    0x000285cc   0x000285cc   0x0000006a   Code   RO         1560    i.ble_nus_c_on_ble_evt  ble_nus_c.o
    0x00028636   0x00028636   0x00000080   Code   RO         1561    i.ble_nus_c_on_db_disc_evt  ble_nus_c.o
    0x000286b6   0x000286b6   0x00000002   PAD
    0x000286b8   0x000286b8   0x000000b8   Code   RO         1562    i.ble_nus_c_string_send  ble_nus_c.o
    0x00028770   0x00028770   0x0000006c   Code   RO         1563    i.ble_nus_c_tx_notif_enable  ble_nus_c.o
    0x000287dc   0x000287dc   0x000000b4   Code   RO           10    i.ble_nus_chars_received_uart_print  main.o
    0x00028890   0x00028890   0x0000000c   Code   RO          597    i.bsp_board_button_idx_to_pin  boards.o
    0x0002889c   0x0002889c   0x00000020   Code   RO          598    i.bsp_board_button_state_get  boards.o
    0x000288bc   0x000288bc   0x00000054   Code   RO          599    i.bsp_board_init    boards.o
    0x00028910   0x00028910   0x00000024   Code   RO          601    i.bsp_board_led_invert  boards.o
    0x00028934   0x00028934   0x00000010   Code   RO          602    i.bsp_board_led_off  boards.o
    0x00028944   0x00028944   0x00000010   Code   RO          603    i.bsp_board_led_on  boards.o
    0x00028954   0x00028954   0x0000001c   Code   RO          604    i.bsp_board_led_state_get  boards.o
    0x00028970   0x00028970   0x00000012   Code   RO          605    i.bsp_board_leds_off  boards.o
    0x00028982   0x00028982   0x00000012   Code   RO          606    i.bsp_board_leds_on  boards.o
    0x00028994   0x00028994   0x00000024   Code   RO          607    i.bsp_board_pin_to_button_idx  boards.o
    0x000289b8   0x000289b8   0x00000038   Code   RO          829    i.bsp_btn_ble_init  bsp_btn_ble.o
    0x000289f0   0x000289f0   0x0000001e   Code   RO          830    i.bsp_btn_ble_sleep_mode_prepare  bsp_btn_ble.o
    0x00028a0e   0x00028a0e   0x00000002   PAD
    0x00028a10   0x00028a10   0x00000090   Code   RO          711    i.bsp_button_event_handler  bsp.o
    0x00028aa0   0x00028aa0   0x0000000c   Code   RO          712    i.bsp_button_is_pressed  bsp.o
    0x00028aac   0x00028aac   0x00000028   Code   RO           11    i.bsp_event_handler  main.o
    0x00028ad4   0x00028ad4   0x00000044   Code   RO          715    i.bsp_event_to_button_action_assign  bsp.o
    0x00028b18   0x00028b18   0x00000018   Code   RO          716    i.bsp_indication_set  bsp.o
    0x00028b30   0x00028b30   0x00000094   Code   RO          717    i.bsp_init          bsp.o
    0x00028bc4   0x00028bc4   0x000001c8   Code   RO          718    i.bsp_led_indication  bsp.o
    0x00028d8c   0x00028d8c   0x00000006   Code   RO          720    i.bsp_wakeup_button_enable  bsp.o
    0x00028d92   0x00028d92   0x00000002   PAD
    0x00028d94   0x00028d94   0x00000094   Code   RO         5243    i.buf_prealloc      nrf_log_frontend.o
    0x00028e28   0x00028e28   0x0000002e   Code   RO         4308    i.buffer_add        nrf_fprintf_format.o
    0x00028e56   0x00028e56   0x00000002   PAD
    0x00028e58   0x00028e58   0x00000018   Code   RO         5244    i.buffer_is_empty   nrf_log_frontend.o
    0x00028e70   0x00028e70   0x00000028   Code   RO         3222    i.button_get        app_button.o
    0x00028e98   0x00028e98   0x00000008   Code   RO          721    i.button_timer_handler  bsp.o
    0x00028ea0   0x00028ea0   0x000001a0   Code   RO           12    i.calcu_data_to_send  main.o
    0x00029040   0x00029040   0x0000001c   Code   RO         2120    i.channel_free      nrfx_gpiote.o
    0x0002905c   0x0002905c   0x00000048   Code   RO         2121    i.channel_port_alloc  nrfx_gpiote.o
    0x000290a4   0x000290a4   0x00000010   Code   RO         2122    i.channel_port_get  nrfx_gpiote.o
    0x000290b4   0x000290b4   0x0000006c   Code   RO         1054    i.characteristics_discover  ble_db_discovery.o
    0x00029120   0x00029120   0x00000056   Code   RO         6176    i.check_dht11       dht11.o
    0x00029176   0x00029176   0x00000002   PAD
    0x00029178   0x00029178   0x00000028   Code   RO         1632    i.clock_clk_started_notify  nrf_drv_clock.o
    0x000291a0   0x000291a0   0x0000001c   Code   RO         1633    i.clock_irq_handler  nrf_drv_clock.o
    0x000291bc   0x000291bc   0x00000018   Code   RO         3537    i.compare_func      app_timer2.o
    0x000291d4   0x000291d4   0x0000001e   Code   RO         1358    i.conn_handle_id_find  nrf_ble_gq.o
    0x000291f2   0x000291f2   0x00000002   PAD
    0x000291f4   0x000291f4   0x00000070   Code   RO           13    i.convert_dec_to_hex  main.o
    0x00029264   0x00029264   0x000000c0   Code   RO         1256    i.data_length_update  nrf_ble_gatt.o
    0x00029324   0x00029324   0x0000000c   Code   RO           14    i.db_disc_handler   main.o
    0x00029330   0x00029330   0x000000b8   Code   RO         1055    i.descriptors_discover  ble_db_discovery.o
    0x000293e8   0x000293e8   0x00000048   Code   RO         3223    i.detection_delay_timeout_handler  app_button.o
    0x00029430   0x00029430   0x00000030   Code   RO         1056    i.discovery_available_evt_trigger  ble_db_discovery.o
    0x00029460   0x00029460   0x000000b4   Code   RO         1057    i.discovery_complete_evt_trigger  ble_db_discovery.o
    0x00029514   0x00029514   0x00000050   Code   RO         1058    i.discovery_error_handler  ble_db_discovery.o
    0x00029564   0x00029564   0x0000007c   Code   RO         1059    i.discovery_start   ble_db_discovery.o
    0x000295e0   0x000295e0   0x00000014   Code   RO         5245    i.dropped_sat16_get  nrf_log_frontend.o
    0x000295f4   0x000295f4   0x00000014   Code   RO         3813    i.drv_rtc_compare_disable  drv_rtc.o
    0x00029608   0x00029608   0x0000000e   Code   RO         3816    i.drv_rtc_compare_pending  drv_rtc.o
    0x00029616   0x00029616   0x00000050   Code   RO         3817    i.drv_rtc_compare_set  drv_rtc.o
    0x00029666   0x00029666   0x00000008   Code   RO         3818    i.drv_rtc_counter_get  drv_rtc.o
    0x0002966e   0x0002966e   0x00000002   PAD
    0x00029670   0x00029670   0x000000d8   Code   RO         3819    i.drv_rtc_init      drv_rtc.o
    0x00029748   0x00029748   0x0000001e   Code   RO         3820    i.drv_rtc_irq_trigger  drv_rtc.o
    0x00029766   0x00029766   0x00000008   Code   RO         3822    i.drv_rtc_overflow_enable  drv_rtc.o
    0x0002976e   0x0002976e   0x00000008   Code   RO         3823    i.drv_rtc_overflow_pending  drv_rtc.o
    0x00029776   0x00029776   0x00000008   Code   RO         3824    i.drv_rtc_start     drv_rtc.o
    0x0002977e   0x0002977e   0x00000008   Code   RO         3825    i.drv_rtc_stop      drv_rtc.o
    0x00029786   0x00029786   0x000000de   Code   RO         3830    i.drv_rtc_windowed_compare_set  drv_rtc.o
    0x00029864   0x00029864   0x00000012   Code   RO         3831    i.evt_enable        drv_rtc.o
    0x00029876   0x00029876   0x00000002   PAD
    0x00029878   0x00029878   0x000000e0   Code   RO         3224    i.evt_handle        app_button.o
    0x00029958   0x00029958   0x00000014   Code   RO         3832    i.evt_pending       drv_rtc.o
    0x0002996c   0x0002996c   0x00000014   Code   RO         3411    i.fifo_get          app_fifo.o
    0x00029980   0x00029980   0x00000012   Code   RO         3412    i.fifo_put          app_fifo.o
    0x00029992   0x00029992   0x0000000e   Code   RO         4805    i.fputc             retarget.o
    0x000299a0   0x000299a0   0x0000000a   Code   RO         1564    i.gatt_error_handler  ble_nus_c.o
    0x000299aa   0x000299aa   0x00000002   PAD
    0x000299ac   0x000299ac   0x00000090   Code   RO           15    i.gatt_evt_handler  main.o
    0x00029a3c   0x00029a3c   0x00000030   Code   RO           16    i.gatt_init         main.o
    0x00029a6c   0x00029a6c   0x0000002c   Code   RO         1359    i.gattc_write_alloc  nrf_ble_gq.o
    0x00029a98   0x00029a98   0x0000003e   Code   RO         1360    i.gatts_hvx_alloc   nrf_ble_gq.o
    0x00029ad6   0x00029ad6   0x00000002   PAD
    0x00029ad8   0x00029ad8   0x00000034   Code   RO         3538    i.get_now           app_timer2.o
    0x00029b0c   0x00029b0c   0x0000003c   Code   RO         3225    i.gpiote_event_handler  app_button.o
    0x00029b48   0x00029b48   0x00000086   Code   RO           20    i.init_led          main.o
    0x00029bce   0x00029bce   0x00000002   PAD
    0x00029bd0   0x00029bd0   0x0000000c   Code   RO           21    i.init_lm35         main.o
    0x00029bdc   0x00029bdc   0x00000012   Code   RO           22    i.init_peripheral   main.o
    0x00029bee   0x00029bee   0x00000002   PAD
    0x00029bf0   0x00029bf0   0x000000a6   Code   RO         4309    i.int_print         nrf_fprintf_format.o
    0x00029c96   0x00029c96   0x00000002   PAD
    0x00029c98   0x00029c98   0x00000088   Code   RO         2667    i.interrupts_enable  nrfx_uarte.o
    0x00029d20   0x00029d20   0x00000034   Code   RO         5246    i.invalid_packets_omit  nrf_log_frontend.o
    0x00029d54   0x00029d54   0x00000046   Code   RO         3080    i.irq_handler       nrfx_timer.o
    0x00029d9a   0x00029d9a   0x0000004c   Code   RO         1060    i.is_desc_discovery_reqd  ble_db_discovery.o
    0x00029de6   0x00029de6   0x00000018   Code   RO         1439    i.is_whitelist_used  nrf_ble_scan.o
    0x00029dfe   0x00029dfe   0x00000016   Code   RO         1634    i.item_enqueue      nrf_drv_clock.o
    0x00029e14   0x00029e14   0x00000030   Code   RO          722    i.leds_off          bsp.o
    0x00029e44   0x00029e44   0x00000014   Code   RO          723    i.leds_timer_handler  bsp.o
    0x00029e58   0x00029e58   0x00000018   Code   RO         1257    i.link_init         nrf_ble_gatt.o
    0x00029e70   0x00029e70   0x000000a4   Code   RO         5247    i.log_skip          nrf_log_frontend.o
    0x00029f14   0x00029f14   0x000001c8   Code   RO           23    i.main              main.o
    0x0002a0dc   0x0002a0dc   0x0000007e   Code   RO         4348    i.memobj_op         nrf_memobj.o
    0x0002a15a   0x0002a15a   0x00000002   PAD
    0x0002a15c   0x0002a15c   0x00000030   Code   RO         5248    i.module_idx_get    nrf_log_frontend.o
    0x0002a18c   0x0002a18c   0x00000026   Code   RO         4027    i.nrf_atfifo_init   nrf_atfifo.o
    0x0002a1b2   0x0002a1b2   0x00000016   Code   RO         4028    i.nrf_atfifo_item_alloc  nrf_atfifo.o
    0x0002a1c8   0x0002a1c8   0x00000016   Code   RO         4029    i.nrf_atfifo_item_free  nrf_atfifo.o
    0x0002a1de   0x0002a1de   0x00000016   Code   RO         4030    i.nrf_atfifo_item_get  nrf_atfifo.o
    0x0002a1f4   0x0002a1f4   0x00000016   Code   RO         4031    i.nrf_atfifo_item_put  nrf_atfifo.o
    0x0002a20a   0x0002a20a   0x00000006   Code   RO         4095    i.nrf_atomic_flag_clear_fetch  nrf_atomic.o
    0x0002a210   0x0002a210   0x00000006   Code   RO         4096    i.nrf_atomic_flag_set  nrf_atomic.o
    0x0002a216   0x0002a216   0x0000000c   Code   RO         4098    i.nrf_atomic_u32_add  nrf_atomic.o
    0x0002a222   0x0002a222   0x0000000a   Code   RO         4102    i.nrf_atomic_u32_fetch_and  nrf_atomic.o
    0x0002a22c   0x0002a22c   0x0000000a   Code   RO         4104    i.nrf_atomic_u32_fetch_store  nrf_atomic.o
    0x0002a236   0x0002a236   0x0000000c   Code   RO         4108    i.nrf_atomic_u32_or  nrf_atomic.o
    0x0002a242   0x0002a242   0x0000000c   Code   RO         4110    i.nrf_atomic_u32_sub  nrf_atomic.o
    0x0002a24e   0x0002a24e   0x00000044   Code   RO         4232    i.nrf_balloc_alloc  nrf_balloc.o
    0x0002a292   0x0002a292   0x00000030   Code   RO         4233    i.nrf_balloc_free   nrf_balloc.o
    0x0002a2c2   0x0002a2c2   0x00000030   Code   RO         4234    i.nrf_balloc_init   nrf_balloc.o
    0x0002a2f2   0x0002a2f2   0x00000010   Code   RO         2123    i.nrf_bitmask_bit_is_set  nrfx_gpiote.o
    0x0002a302   0x0002a302   0x00000018   Code   RO         1258    i.nrf_ble_gatt_att_mtu_central_set  nrf_ble_gatt.o
    0x0002a31a   0x0002a31a   0x0000002c   Code   RO         1263    i.nrf_ble_gatt_init  nrf_ble_gatt.o
    0x0002a346   0x0002a346   0x00000002   PAD
    0x0002a348   0x0002a348   0x00000170   Code   RO         1264    i.nrf_ble_gatt_on_ble_evt  nrf_ble_gatt.o
    0x0002a4b8   0x0002a4b8   0x0000006e   Code   RO         1361    i.nrf_ble_gq_conn_handle_register  nrf_ble_gq.o
    0x0002a526   0x0002a526   0x00000002   PAD
    0x0002a528   0x0002a528   0x000000a0   Code   RO         1362    i.nrf_ble_gq_item_add  nrf_ble_gq.o
    0x0002a5c8   0x0002a5c8   0x00000060   Code   RO         1363    i.nrf_ble_gq_on_ble_evt  nrf_ble_gq.o
    0x0002a628   0x0002a628   0x00000050   Code   RO         1441    i.nrf_ble_scan_connect_with_target  nrf_ble_scan.o
    0x0002a678   0x0002a678   0x00000014   Code   RO         1443    i.nrf_ble_scan_default_conn_param_set  nrf_ble_scan.o
    0x0002a68c   0x0002a68c   0x00000020   Code   RO         1444    i.nrf_ble_scan_default_param_set  nrf_ble_scan.o
    0x0002a6ac   0x0002a6ac   0x000000a6   Code   RO         1446    i.nrf_ble_scan_filter_set  nrf_ble_scan.o
    0x0002a752   0x0002a752   0x00000014   Code   RO         1447    i.nrf_ble_scan_filters_disable  nrf_ble_scan.o
    0x0002a766   0x0002a766   0x00000046   Code   RO         1448    i.nrf_ble_scan_filters_enable  nrf_ble_scan.o
    0x0002a7ac   0x0002a7ac   0x00000070   Code   RO         1449    i.nrf_ble_scan_init  nrf_ble_scan.o
    0x0002a81c   0x0002a81c   0x0000014a   Code   RO         1450    i.nrf_ble_scan_on_adv_report  nrf_ble_scan.o
    0x0002a966   0x0002a966   0x00000080   Code   RO         1451    i.nrf_ble_scan_on_ble_evt  nrf_ble_scan.o
    0x0002a9e6   0x0002a9e6   0x00000002   PAD
    0x0002a9e8   0x0002a9e8   0x00000088   Code   RO         1453    i.nrf_ble_scan_start  nrf_ble_scan.o
    0x0002aa70   0x0002aa70   0x0000000e   Code   RO         1981    i.nrf_clock_event_check  nrfx_clock.o
    0x0002aa7e   0x0002aa7e   0x00000010   Code   RO         1982    i.nrf_clock_event_clear  nrfx_clock.o
    0x0002aa8e   0x0002aa8e   0x00000002   PAD
    0x0002aa90   0x0002aa90   0x00000040   Code   RO         1640    i.nrf_drv_clock_init  nrf_drv_clock.o
    0x0002aad0   0x0002aad0   0x00000034   Code   RO         1644    i.nrf_drv_clock_lfclk_release  nrf_drv_clock.o
    0x0002ab04   0x0002ab04   0x00000054   Code   RO         1645    i.nrf_drv_clock_lfclk_request  nrf_drv_clock.o
    0x0002ab58   0x0002ab58   0x0000000c   Code   RO         6016    i.nrf_drv_saadc_init  adc.o
    0x0002ab64   0x0002ab64   0x00000068   Code   RO         1789    i.nrf_drv_uart_init  nrf_drv_uart.o
    0x0002abcc   0x0002abcc   0x00000020   Code   RO         3672    i.nrf_drv_uart_rx   app_uart_fifo.o
    0x0002abec   0x0002abec   0x00000020   Code   RO         3673    i.nrf_drv_uart_tx   app_uart_fifo.o
    0x0002ac0c   0x0002ac0c   0x0000001a   Code   RO         4269    i.nrf_fprintf       nrf_fprintf.o
    0x0002ac26   0x0002ac26   0x00000018   Code   RO         4270    i.nrf_fprintf_buffer_flush  nrf_fprintf.o
    0x0002ac3e   0x0002ac3e   0x000001da   Code   RO         4310    i.nrf_fprintf_fmt   nrf_fprintf_format.o
    0x0002ae18   0x0002ae18   0x00000024   Code   RO          609    i.nrf_gpio_cfg      boards.o
    0x0002ae3c   0x0002ae3c   0x00000024   Code   RO         2124    i.nrf_gpio_cfg      nrfx_gpiote.o
    0x0002ae60   0x0002ae60   0x00000024   Code   RO         2479    i.nrf_gpio_cfg      nrfx_uart.o
    0x0002ae84   0x0002ae84   0x00000024   Code   RO         2668    i.nrf_gpio_cfg      nrfx_uarte.o
    0x0002aea8   0x0002aea8   0x00000024   Code   RO         6177    i.nrf_gpio_cfg      dht11.o
    0x0002aecc   0x0002aecc   0x00000012   Code   RO         2481    i.nrf_gpio_cfg_input  nrfx_uart.o
    0x0002aede   0x0002aede   0x00000012   Code   RO         2670    i.nrf_gpio_cfg_input  nrfx_uarte.o
    0x0002aef0   0x0002aef0   0x00000014   Code   RO         2482    i.nrf_gpio_cfg_output  nrfx_uart.o
    0x0002af04   0x0002af04   0x00000014   Code   RO         2671    i.nrf_gpio_cfg_output  nrfx_uarte.o
    0x0002af18   0x0002af18   0x00000022   Code   RO         2126    i.nrf_gpio_cfg_sense_set  nrfx_gpiote.o
    0x0002af3a   0x0002af3a   0x00000002   PAD
    0x0002af3c   0x0002af3c   0x0000002c   Code   RO         2127    i.nrf_gpio_latches_read_and_clear  nrfx_gpiote.o
    0x0002af68   0x0002af68   0x0000001c   Code   RO           24    i.nrf_gpio_pin_dir_set  main.o
    0x0002af84   0x0002af84   0x00000022   Code   RO         6178    i.nrf_gpio_pin_dir_set  dht11.o
    0x0002afa6   0x0002afa6   0x0000001e   Code   RO         2128    i.nrf_gpio_pin_present_check  nrfx_gpiote.o
    0x0002afc4   0x0002afc4   0x00000010   Code   RO         6179    i.nrf_gpio_pin_read  dht11.o
    0x0002afd4   0x0002afd4   0x00000016   Code   RO           25    i.nrf_gpio_pin_write  main.o
    0x0002afea   0x0002afea   0x00000016   Code   RO          610    i.nrf_gpio_pin_write  boards.o
    0x0002b000   0x0002b000   0x00000016   Code   RO         6180    i.nrf_gpio_pin_write  dht11.o
    0x0002b016   0x0002b016   0x00000002   PAD
    0x0002b018   0x0002b018   0x00000014   Code   RO         2129    i.nrf_gpiote_event_clear  nrfx_gpiote.o
    0x0002b02c   0x0002b02c   0x00000010   Code   RO         2130    i.nrf_gpiote_event_is_set  nrfx_gpiote.o
    0x0002b03c   0x0002b03c   0x0000005c   Code   RO         5249    i.nrf_log_backend_add  nrf_log_frontend.o
    0x0002b098   0x0002b098   0x00000002   Code   RO         5104    i.nrf_log_backend_rtt_flush  nrf_log_backend_rtt.o
    0x0002b09a   0x0002b09a   0x00000004   Code   RO         5105    i.nrf_log_backend_rtt_init  nrf_log_backend_rtt.o
    0x0002b09e   0x0002b09e   0x00000002   Code   RO         5106    i.nrf_log_backend_rtt_panic_set  nrf_log_backend_rtt.o
    0x0002b0a0   0x0002b0a0   0x00000018   Code   RO         5107    i.nrf_log_backend_rtt_put  nrf_log_backend_rtt.o
    0x0002b0b8   0x0002b0b8   0x000000c8   Code   RO         5173    i.nrf_log_backend_serial_put  nrf_log_backend_serial.o
    0x0002b180   0x0002b180   0x00000030   Code   RO         5251    i.nrf_log_color_id_get  nrf_log_frontend.o
    0x0002b1b0   0x0002b1b0   0x0000001c   Code   RO         5207    i.nrf_log_default_backends_init  nrf_log_default_backends.o
    0x0002b1cc   0x0002b1cc   0x00000238   Code   RO         5252    i.nrf_log_frontend_dequeue  nrf_log_frontend.o
    0x0002b404   0x0002b404   0x00000008   Code   RO         5254    i.nrf_log_frontend_std_0  nrf_log_frontend.o
    0x0002b40c   0x0002b40c   0x0000000e   Code   RO         5255    i.nrf_log_frontend_std_1  nrf_log_frontend.o
    0x0002b41a   0x0002b41a   0x00000010   Code   RO         5256    i.nrf_log_frontend_std_2  nrf_log_frontend.o
    0x0002b42a   0x0002b42a   0x00000012   Code   RO         5257    i.nrf_log_frontend_std_3  nrf_log_frontend.o
    0x0002b43c   0x0002b43c   0x00000014   Code   RO         5258    i.nrf_log_frontend_std_4  nrf_log_frontend.o
    0x0002b450   0x0002b450   0x0000001c   Code   RO         5260    i.nrf_log_frontend_std_6  nrf_log_frontend.o
    0x0002b46c   0x0002b46c   0x000000b0   Code   RO         5430    i.nrf_log_hexdump_entry_process  nrf_log_str_formatter.o
    0x0002b51c   0x0002b51c   0x00000028   Code   RO         5261    i.nrf_log_init      nrf_log_frontend.o
    0x0002b544   0x0002b544   0x00000014   Code   RO         5262    i.nrf_log_module_cnt_get  nrf_log_frontend.o
    0x0002b558   0x0002b558   0x0000001c   Code   RO         5265    i.nrf_log_module_name_get  nrf_log_frontend.o
    0x0002b574   0x0002b574   0x00000028   Code   RO         5266    i.nrf_log_panic     nrf_log_frontend.o
    0x0002b59c   0x0002b59c   0x000000b6   Code   RO         5431    i.nrf_log_std_entry_process  nrf_log_str_formatter.o
    0x0002b652   0x0002b652   0x00000060   Code   RO         4349    i.nrf_memobj_alloc  nrf_memobj.o
    0x0002b6b2   0x0002b6b2   0x00000032   Code   RO         4350    i.nrf_memobj_free   nrf_memobj.o
    0x0002b6e4   0x0002b6e4   0x00000008   Code   RO         4351    i.nrf_memobj_get    nrf_memobj.o
    0x0002b6ec   0x0002b6ec   0x00000004   Code   RO         4352    i.nrf_memobj_pool_init  nrf_memobj.o
    0x0002b6f0   0x0002b6f0   0x0000001e   Code   RO         4353    i.nrf_memobj_put    nrf_memobj.o
    0x0002b70e   0x0002b70e   0x00000010   Code   RO         4354    i.nrf_memobj_read   nrf_memobj.o
    0x0002b71e   0x0002b71e   0x00000010   Code   RO         4355    i.nrf_memobj_write  nrf_memobj.o
    0x0002b72e   0x0002b72e   0x00000002   PAD
    0x0002b730   0x0002b730   0x00000028   Code   RO         4427    i.nrf_pwr_mgmt_init  nrf_pwr_mgmt.o
    0x0002b758   0x0002b758   0x00000044   Code   RO         4428    i.nrf_pwr_mgmt_run  nrf_pwr_mgmt.o
    0x0002b79c   0x0002b79c   0x0000003c   Code   RO         4429    i.nrf_pwr_mgmt_shutdown  nrf_pwr_mgmt.o
    0x0002b7d8   0x0002b7d8   0x0000008e   Code   RO         4501    i.nrf_queue_generic_pop  nrf_queue.o
    0x0002b866   0x0002b866   0x00000012   Code   RO         4503    i.nrf_queue_is_empty  nrf_queue.o
    0x0002b878   0x0002b878   0x0000001e   Code   RO         4504    i.nrf_queue_is_full  nrf_queue.o
    0x0002b896   0x0002b896   0x0000000e   Code   RO         4507    i.nrf_queue_next_idx  nrf_queue.o
    0x0002b8a4   0x0002b8a4   0x000000b2   Code   RO         4509    i.nrf_queue_push    nrf_queue.o
    0x0002b956   0x0002b956   0x0000001c   Code   RO         4622    i.nrf_ringbuf_init  nrf_ringbuf.o
    0x0002b972   0x0002b972   0x0000000c   Code   RO         3833    i.nrf_rtc_event_clear  drv_rtc.o
    0x0002b97e   0x0002b97e   0x00000002   PAD
    0x0002b980   0x0002b980   0x00000010   Code   RO         4938    i.nrf_saadc_buffer_init  nrfx_saadc.o
    0x0002b990   0x0002b990   0x00000014   Code   RO         4939    i.nrf_saadc_channel_input_set  nrfx_saadc.o
    0x0002b9a4   0x0002b9a4   0x00000010   Code   RO         4940    i.nrf_saadc_event_check  nrfx_saadc.o
    0x0002b9b4   0x0002b9b4   0x00000014   Code   RO         4941    i.nrf_saadc_event_clear  nrfx_saadc.o
    0x0002b9c8   0x0002b9c8   0x00000014   Code   RO         5861    i.nrf_sdh_ble_app_ram_start_get  nrf_sdh_ble.o
    0x0002b9dc   0x0002b9dc   0x00000134   Code   RO         5862    i.nrf_sdh_ble_default_cfg_set  nrf_sdh_ble.o
    0x0002bb10   0x0002bb10   0x00000130   Code   RO         5863    i.nrf_sdh_ble_enable  nrf_sdh_ble.o
    0x0002bc40   0x0002bc40   0x00000060   Code   RO         5864    i.nrf_sdh_ble_evts_poll  nrf_sdh_ble.o
    0x0002bca0   0x0002bca0   0x00000074   Code   RO         5743    i.nrf_sdh_enable_request  nrf_sdh.o
    0x0002bd14   0x0002bd14   0x00000024   Code   RO         5744    i.nrf_sdh_evts_poll  nrf_sdh.o
    0x0002bd38   0x0002bd38   0x0000000c   Code   RO         5745    i.nrf_sdh_is_enabled  nrf_sdh.o
    0x0002bd44   0x0002bd44   0x0000003c   Code   RO         5915    i.nrf_sdh_soc_evts_poll  nrf_sdh_soc.o
    0x0002bd80   0x0002bd80   0x0000000a   Code   RO         4680    i.nrf_section_iter_init  nrf_section_iter.o
    0x0002bd8a   0x0002bd8a   0x00000024   Code   RO         4681    i.nrf_section_iter_item_set  nrf_section_iter.o
    0x0002bdae   0x0002bdae   0x00000020   Code   RO         4682    i.nrf_section_iter_next  nrf_section_iter.o
    0x0002bdce   0x0002bdce   0x00000022   Code   RO         4715    i.nrf_sortlist_add  nrf_sortlist.o
    0x0002bdf0   0x0002bdf0   0x00000006   Code   RO         4717    i.nrf_sortlist_peek  nrf_sortlist.o
    0x0002bdf6   0x0002bdf6   0x0000000e   Code   RO         4718    i.nrf_sortlist_pop  nrf_sortlist.o
    0x0002be04   0x0002be04   0x0000001e   Code   RO         4719    i.nrf_sortlist_remove  nrf_sortlist.o
    0x0002be22   0x0002be22   0x00000002   PAD
    0x0002be24   0x0002be24   0x00000038   Code   RO         4771    i.nrf_strerror_find  nrf_strerror.o
    0x0002be5c   0x0002be5c   0x00000014   Code   RO         4772    i.nrf_strerror_get  nrf_strerror.o
    0x0002be70   0x0002be70   0x0000000c   Code   RO         3081    i.nrf_timer_event_clear  nrfx_timer.o
    0x0002be7c   0x0002be7c   0x0000000a   Code   RO         2920    i.nrf_twim_event_check  nrfx_twim.o
    0x0002be86   0x0002be86   0x0000000c   Code   RO         2921    i.nrf_twim_event_clear  nrfx_twim.o
    0x0002be92   0x0002be92   0x0000000a   Code   RO         2483    i.nrf_uart_event_check  nrfx_uart.o
    0x0002be9c   0x0002be9c   0x0000000c   Code   RO         2484    i.nrf_uart_event_clear  nrfx_uart.o
    0x0002bea8   0x0002bea8   0x0000000c   Code   RO         2485    i.nrf_uart_int_enable_check  nrfx_uart.o
    0x0002beb4   0x0002beb4   0x0000000a   Code   RO         2672    i.nrf_uarte_event_check  nrfx_uarte.o
    0x0002bebe   0x0002bebe   0x0000000c   Code   RO         2673    i.nrf_uarte_event_clear  nrfx_uarte.o
    0x0002beca   0x0002beca   0x00000002   PAD
    0x0002becc   0x0002becc   0x00000010   Code   RO         1647    i.nrf_wdt_started   nrf_drv_clock.o
    0x0002bedc   0x0002bedc   0x0000002c   Code   RO         1987    i.nrfx_clock_enable  nrfx_clock.o
    0x0002bf08   0x0002bf08   0x00000020   Code   RO         1990    i.nrfx_clock_init   nrfx_clock.o
    0x0002bf28   0x0002bf28   0x0000004c   Code   RO         1992    i.nrfx_clock_lfclk_start  nrfx_clock.o
    0x0002bf74   0x0002bf74   0x00000030   Code   RO         1993    i.nrfx_clock_lfclk_stop  nrfx_clock.o
    0x0002bfa4   0x0002bfa4   0x00000010   Code   RO         3834    i.nrfx_coredep_delay_us  drv_rtc.o
    0x0002bfb4   0x0002bfb4   0x00000010   Code   RO         4943    i.nrfx_coredep_delay_us  nrfx_saadc.o
    0x0002bfc4   0x0002bfc4   0x00000010   Code   RO         6181    i.nrfx_coredep_delay_us  dht11.o
    0x0002bfd4   0x0002bfd4   0x000000a0   Code   RO         2136    i.nrfx_gpiote_in_event_enable  nrfx_gpiote.o
    0x0002c074   0x0002c074   0x000000cc   Code   RO         2138    i.nrfx_gpiote_in_init  nrfx_gpiote.o
    0x0002c140   0x0002c140   0x00000014   Code   RO         2139    i.nrfx_gpiote_in_is_set  nrfx_gpiote.o
    0x0002c154   0x0002c154   0x00000074   Code   RO         2141    i.nrfx_gpiote_init  nrfx_gpiote.o
    0x0002c1c8   0x0002c1c8   0x00000014   Code   RO         2142    i.nrfx_gpiote_is_init  nrfx_gpiote.o
    0x0002c1dc   0x0002c1dc   0x00000010   Code   RO         2674    i.nrfx_is_in_ram    nrfx_uarte.o
    0x0002c1ec   0x0002c1ec   0x0000003a   Code   RO         2425    i.nrfx_prs_acquire  nrfx_prs.o
    0x0002c226   0x0002c226   0x00000002   PAD
    0x0002c228   0x0002c228   0x000000ac   Code   RO         4947    i.nrfx_saadc_channel_init  nrfx_saadc.o
    0x0002c2d4   0x0002c2d4   0x00000094   Code   RO         4949    i.nrfx_saadc_init   nrfx_saadc.o
    0x0002c368   0x0002c368   0x000000c0   Code   RO         4953    i.nrfx_saadc_sample_convert  nrfx_saadc.o
    0x0002c428   0x0002c428   0x00000010   Code   RO         2486    i.nrfx_uart_0_irq_handler  nrfx_uart.o
    0x0002c438   0x0002c438   0x000000d4   Code   RO         2488    i.nrfx_uart_init    nrfx_uart.o
    0x0002c50c   0x0002c50c   0x000000ec   Code   RO         2489    i.nrfx_uart_rx      nrfx_uart.o
    0x0002c5f8   0x0002c5f8   0x000000a8   Code   RO         2494    i.nrfx_uart_tx      nrfx_uart.o
    0x0002c6a0   0x0002c6a0   0x00000020   Code   RO         2496    i.nrfx_uart_tx_in_progress  nrfx_uart.o
    0x0002c6c0   0x0002c6c0   0x00000010   Code   RO         2675    i.nrfx_uarte_0_irq_handler  nrfx_uarte.o
    0x0002c6d0   0x0002c6d0   0x0000006c   Code   RO         2677    i.nrfx_uarte_init   nrfx_uarte.o
    0x0002c73c   0x0002c73c   0x00000104   Code   RO         2678    i.nrfx_uarte_rx     nrfx_uarte.o
    0x0002c840   0x0002c840   0x000000ac   Code   RO         2681    i.nrfx_uarte_tx     nrfx_uarte.o
    0x0002c8ec   0x0002c8ec   0x0000001c   Code   RO         2683    i.nrfx_uarte_tx_in_progress  nrfx_uarte.o
    0x0002c908   0x0002c908   0x00000004   Code   RO           26    i.nus_error_handler  main.o
    0x0002c90c   0x0002c90c   0x00000018   Code   RO         6318    i.nvmc_config       system_nrf52.o
    0x0002c924   0x0002c924   0x00000138   Code   RO         1061    i.on_characteristic_discovery_rsp  ble_db_discovery.o
    0x0002ca5c   0x0002ca5c   0x000000a8   Code   RO         1265    i.on_connected_evt  nrf_ble_gatt.o
    0x0002cb04   0x0002cb04   0x000000da   Code   RO         1062    i.on_descriptor_discovery_rsp  ble_db_discovery.o
    0x0002cbde   0x0002cbde   0x00000002   PAD
    0x0002cbe0   0x0002cbe0   0x000000ac   Code   RO         1266    i.on_exchange_mtu_request_evt  nrf_ble_gatt.o
    0x0002cc8c   0x0002cc8c   0x000000c0   Code   RO         1063    i.on_primary_srv_discovery_rsp  ble_db_discovery.o
    0x0002cd4c   0x0002cd4c   0x0000009c   Code   RO         1064    i.on_srv_disc_completion  ble_db_discovery.o
    0x0002cde8   0x0002cde8   0x0000001c   Code   RO         2160    i.pin_configured_set  nrfx_gpiote.o
    0x0002ce04   0x0002ce04   0x00000018   Code   RO         2161    i.pin_in_use_by_port  nrfx_gpiote.o
    0x0002ce1c   0x0002ce1c   0x00000018   Code   RO         2162    i.pin_in_use_by_te  nrfx_gpiote.o
    0x0002ce34   0x0002ce34   0x000000b4   Code   RO         2163    i.port_event_handle  nrfx_gpiote.o
    0x0002cee8   0x0002cee8   0x00000010   Code   RO         2164    i.port_handler_polarity_get  nrfx_gpiote.o
    0x0002cef8   0x0002cef8   0x0000003c   Code   RO         5433    i.postfix_process   nrf_log_str_formatter.o
    0x0002cf34   0x0002cf34   0x00000098   Code   RO         5434    i.prefix_process    nrf_log_str_formatter.o
    0x0002cfcc   0x0002cfcc   0x000000b0   Code   RO           27    i.processDataReceiver  main.o
    0x0002d07c   0x0002d07c   0x00000018   Code   RO         2427    i.prs_box_get       nrfx_prs.o
    0x0002d094   0x0002d094   0x00000118   Code   RO         1364    i.queue_process     nrf_ble_gq.o
    0x0002d1ac   0x0002d1ac   0x00000018   Code   RO         4515    i.queue_utilization_get  nrf_queue.o
    0x0002d1c4   0x0002d1c4   0x00000058   Code   RO         1365    i.queues_purge      nrf_ble_gq.o
    0x0002d21c   0x0002d21c   0x00000044   Code   RO         6182    i.read_1_bit_data   dht11.o
    0x0002d260   0x0002d260   0x0000001a   Code   RO         6183    i.read_1_byte_data  dht11.o
    0x0002d27a   0x0002d27a   0x00000050   Code   RO         6184    i.read_5_byte_data  dht11.o
    0x0002d2ca   0x0002d2ca   0x0000005e   Code   RO         6017    i.read_adc          adc.o
    0x0002d328   0x0002d328   0x00000038   Code   RO         1065    i.registered_handler_get  ble_db_discovery.o
    0x0002d360   0x0002d360   0x00000044   Code   RO           28    i.remove_handler    main.o
    0x0002d3a4   0x0002d3a4   0x00000048   Code   RO         1366    i.request_err_code_handle  nrf_ble_gq.o
    0x0002d3ec   0x0002d3ec   0x000000b4   Code   RO         1367    i.request_process   nrf_ble_gq.o
    0x0002d4a0   0x0002d4a0   0x00000030   Code   RO           29    i.reset_handler     main.o
    0x0002d4d0   0x0002d4d0   0x00000010   Code   RO         4886    i.ring_buff_available  ringbuffer.o
    0x0002d4e0   0x0002d4e0   0x0000000c   Code   RO         4887    i.ring_buff_init    ringbuffer.o
    0x0002d4ec   0x0002d4ec   0x00000028   Code   RO         4888    i.ring_buff_pop     ringbuffer.o
    0x0002d514   0x0002d514   0x00000026   Code   RO         4889    i.ring_buff_push    ringbuffer.o
    0x0002d53a   0x0002d53a   0x00000002   PAD
    0x0002d53c   0x0002d53c   0x0000005c   Code   RO         3539    i.rtc_irq           app_timer2.o
    0x0002d598   0x0002d598   0x00000064   Code   RO         3540    i.rtc_schedule      app_timer2.o
    0x0002d5fc   0x0002d5fc   0x00000074   Code   RO         3541    i.rtc_update        app_timer2.o
    0x0002d670   0x0002d670   0x00000032   Code   RO         2498    i.rx_byte           nrfx_uart.o
    0x0002d6a2   0x0002d6a2   0x00000016   Code   RO         2499    i.rx_done_event     nrfx_uart.o
    0x0002d6b8   0x0002d6b8   0x00000016   Code   RO         2685    i.rx_done_event     nrfx_uarte.o
    0x0002d6ce   0x0002d6ce   0x00000020   Code   RO         2500    i.rx_enable         nrfx_uart.o
    0x0002d6ee   0x0002d6ee   0x00000002   Code   RO           30    i.saadc_callback_handler  main.o
    0x0002d6f0   0x0002d6f0   0x000000a0   Code   RO           31    i.scan_evt_handler  main.o
    0x0002d790   0x0002d790   0x0000007c   Code   RO           32    i.scan_init         main.o
    0x0002d80c   0x0002d80c   0x00000028   Code   RO           33    i.scan_start        main.o
    0x0002d834   0x0002d834   0x00000058   Code   RO         1648    i.sd_state_evt_handler  nrf_drv_clock.o
    0x0002d88c   0x0002d88c   0x00000030   Code   RO         5750    i.sdh_request_observer_notify  nrf_sdh.o
    0x0002d8bc   0x0002d8bc   0x0000002c   Code   RO         5751    i.sdh_state_observer_notify  nrf_sdh.o
    0x0002d8e8   0x0002d8e8   0x00000050   Code   RO         5108    i.serial_tx         nrf_log_backend_rtt.o
    0x0002d938   0x0002d938   0x00000020   Code   RO           34    i.shutdown_handler  main.o
    0x0002d958   0x0002d958   0x0000007c   Code   RO         4430    i.shutdown_process  nrf_pwr_mgmt.o
    0x0002d9d4   0x0002d9d4   0x00000018   Code   RO         1649    i.soc_evt_handler   nrf_drv_clock.o
    0x0002d9ec   0x0002d9ec   0x00000058   Code   RO         5753    i.softdevices_evt_irq_enable  nrf_sdh.o
    0x0002da44   0x0002da44   0x0000000c   Code   RO         3542    i.sortlist_pop      app_timer2.o
    0x0002da50   0x0002da50   0x00000030   Code   RO         3226    i.state_set         app_button.o
    0x0002da80   0x0002da80   0x00000094   Code   RO         5268    i.std_n             nrf_log_frontend.o
    0x0002db14   0x0002db14   0x00000122   Code   RO           35    i.table_convert_to_command_id  main.o
    0x0002dc36   0x0002dc36   0x00000002   PAD
    0x0002dc38   0x0002dc38   0x00000058   Code   RO         3543    i.timer_expire      app_timer2.o
    0x0002dc90   0x0002dc90   0x00000078   Code   RO         3544    i.timer_req_process  app_timer2.o
    0x0002dd08   0x0002dd08   0x00000038   Code   RO         3545    i.timer_req_schedule  app_timer2.o
    0x0002dd40   0x0002dd40   0x000001fc   Code   RO           36    i.timer_send_form_central_to_peripheral_handler  main.o
    0x0002df3c   0x0002df3c   0x00000018   Code   RO         3227    i.timer_start       app_button.o
    0x0002df54   0x0002df54   0x00000194   Code   RO         2933    i.twim_irq_handler  nrfx_twim.o
    0x0002e0e8   0x0002e0e8   0x00000020   Code   RO         2501    i.tx_byte           nrfx_uart.o
    0x0002e108   0x0002e108   0x0000001a   Code   RO         2502    i.tx_done_event     nrfx_uart.o
    0x0002e122   0x0002e122   0x0000001a   Code   RO         2686    i.tx_done_event     nrfx_uarte.o
    0x0002e13c   0x0002e13c   0x0000009c   Code   RO           37    i.uart_event_handle  main.o
    0x0002e1d8   0x0002e1d8   0x000000a4   Code   RO         3674    i.uart_event_handler  app_uart_fifo.o
    0x0002e27c   0x0002e27c   0x00000030   Code   RO         1790    i.uart_evt_handler  nrf_drv_uart.o
    0x0002e2ac   0x0002e2ac   0x0000012a   Code   RO         2503    i.uart_irq_handler  nrfx_uart.o
    0x0002e3d6   0x0002e3d6   0x00000002   PAD
    0x0002e3d8   0x0002e3d8   0x00000030   Code   RO         1791    i.uarte_evt_handler  nrf_drv_uart.o
    0x0002e408   0x0002e408   0x00000112   Code   RO         2687    i.uarte_irq_handler  nrfx_uarte.o
    0x0002e51a   0x0002e51a   0x00000002   PAD
    0x0002e51c   0x0002e51c   0x000000b4   Code   RO         4311    i.unsigned_print    nrf_fprintf_format.o
    0x0002e5d0   0x0002e5d0   0x00000020   Code   RO         3228    i.usr_event         app_button.o
    0x0002e5f0   0x0002e5f0   0x0000003a   Code   RO          724    i.wakeup_button_cfg  bsp.o
    0x0002e62a   0x0002e62a   0x00000062   Code   RO         2935    i.xfer_completeness_check  nrfx_twim.o
    0x0002e68c   0x0002e68c   0x00000020   Data   RO           53    .constdata          main.o
    0x0002e6ac   0x0002e6ac   0x00000064   Data   RO           54    .constdata          main.o
    0x0002e710   0x0002e710   0x00000008   Data   RO          611    .constdata          boards.o
    0x0002e718   0x0002e718   0x0000002c   Data   RO          729    .constdata          bsp.o
    0x0002e744   0x0002e744   0x0000007c   Data   RO         1067    .constdata          ble_db_discovery.o
    0x0002e7c0   0x0002e7c0   0x00000016   Data   RO         1267    .constdata          nrf_ble_gatt.o
    0x0002e7d6   0x0002e7d6   0x00000002   PAD
    0x0002e7d8   0x0002e7d8   0x00000018   Data   RO         1368    .constdata          nrf_ble_gq.o
    0x0002e7f0   0x0002e7f0   0x00000010   Data   RO         1565    .constdata          ble_nus_c.o
    0x0002e800   0x0002e800   0x00000004   Data   RO         2166    .constdata          nrfx_gpiote.o
    0x0002e804   0x0002e804   0x00000004   Data   RO         2506    .constdata          nrfx_uart.o
    0x0002e808   0x0002e808   0x00000004   Data   RO         2690    .constdata          nrfx_uarte.o
    0x0002e80c   0x0002e80c   0x00000008   Data   RO         3231    .constdata          app_button.o
    0x0002e814   0x0002e814   0x00000014   Data   RO         3548    .constdata          app_timer2.o
    0x0002e828   0x0002e828   0x00000020   Data   RO         3676    .constdata          app_uart_fifo.o
    0x0002e848   0x0002e848   0x00000008   PAD
    0x0002e850   0x0002e850   0x00000006   Data   RO         3835    .constdata          drv_rtc.o
    0x0002e856   0x0002e856   0x00000010   Data   RO         4312    .constdata          nrf_fprintf_format.o
    0x0002e866   0x0002e866   0x00000002   PAD
    0x0002e868   0x0002e868   0x00000018   Data   RO         4432    .constdata          nrf_pwr_mgmt.o
    0x0002e880   0x0002e880   0x0000000c   Data   RO         4433    .constdata          nrf_pwr_mgmt.o
    0x0002e88c   0x0002e88c   0x0000013c   Data   RO         4773    .constdata          nrf_strerror.o
    0x0002e9c8   0x0002e9c8   0x00000008   PAD
    0x0002e9d0   0x0002e9d0   0x00000006   Data   RO         4957    .constdata          nrfx_saadc.o
    0x0002e9d6   0x0002e9d6   0x00000002   PAD
    0x0002e9d8   0x0002e9d8   0x0000000c   Data   RO         5110    .constdata          nrf_log_backend_rtt.o
    0x0002e9e4   0x0002e9e4   0x0000000c   PAD
    0x0002e9f0   0x0002e9f0   0x00000006   Data   RO         5111    .constdata          nrf_log_backend_rtt.o
    0x0002e9f6   0x0002e9f6   0x00000002   PAD
    0x0002e9f8   0x0002e9f8   0x0000000c   Data   RO         5273    .constdata          nrf_log_frontend.o
    0x0002ea04   0x0002ea04   0x00000010   Data   RO         5754    .constdata          nrf_sdh.o
    0x0002ea14   0x0002ea14   0x00000028   Data   RO         5755    .constdata          nrf_sdh.o
    0x0002ea3c   0x0002ea3c   0x00000010   Data   RO         5756    .constdata          nrf_sdh.o
    0x0002ea4c   0x0002ea4c   0x00000010   Data   RO         5757    .constdata          nrf_sdh.o
    0x0002ea5c   0x0002ea5c   0x00000020   Data   RO         5865    .constdata          nrf_sdh_ble.o
    0x0002ea7c   0x0002ea7c   0x00000010   Data   RO         5866    .constdata          nrf_sdh_ble.o
    0x0002ea8c   0x0002ea8c   0x00000010   Data   RO         5916    .constdata          nrf_sdh_soc.o
    0x0002ea9c   0x0002ea9c   0x0000000c   Data   RO         5917    .constdata          nrf_sdh_soc.o
    0x0002eaa8   0x0002eaa8   0x000000c1   Data   RO         6019    .constdata          adc.o
    0x0002eb69   0x0002eb69   0x00000007   PAD
    0x0002eb70   0x0002eb70   0x00000006   Data   RO         6185    .constdata          dht11.o
    0x0002eb76   0x0002eb76   0x00000081   Data   RO         6382    .constdata          mc_w.l(ctype_o.o)
    0x0002ebf7   0x0002ebf7   0x00000001   PAD
    0x0002ebf8   0x0002ebf8   0x00000004   Data   RO         6383    .constdata          mc_w.l(ctype_o.o)
    0x0002ebfc   0x0002ebfc   0x000000e9   Data   RO         1068    .conststring        ble_db_discovery.o
    0x0002ece5   0x0002ece5   0x00000003   PAD
    0x0002ece8   0x0002ece8   0x000000a2   Data   RO         1268    .conststring        nrf_ble_gatt.o
    0x0002ed8a   0x0002ed8a   0x00000002   PAD
    0x0002ed8c   0x0002ed8c   0x0000004a   Data   RO         1369    .conststring        nrf_ble_gq.o
    0x0002edd6   0x0002edd6   0x00000002   PAD
    0x0002edd8   0x0002edd8   0x000003eb   Data   RO         4774    .conststring        nrf_strerror.o
    0x0002f1c3   0x0002f1c3   0x00000001   PAD
    0x0002f1c4   0x0002f1c4   0x00000066   Data   RO         5435    .conststring        nrf_log_str_formatter.o
    0x0002f22a   0x0002f22a   0x00000002   PAD
    0x0002f22c   0x0002f22c   0x000001cf   Data   RO         5867    .conststring        nrf_sdh_ble.o
    0x0002f3fb   0x0002f3fb   0x00000001   PAD
    0x0002f3fc   0x0002f3fc   0x0000000c   Data   RO         1069    .conststrlit        ble_db_discovery.o
    0x0002f408   0x0002f408   0x0000000d   Data   RO         1269    .conststrlit        nrf_ble_gatt.o
    0x0002f415   0x0002f415   0x00000003   PAD
    0x0002f418   0x0002f418   0x0000000b   Data   RO         1370    .conststrlit        nrf_ble_gq.o
    0x0002f423   0x0002f423   0x00000001   PAD
    0x0002f424   0x0002f424   0x00000009   Data   RO         1455    .conststrlit        nrf_ble_scan.o
    0x0002f42d   0x0002f42d   0x00000003   PAD
    0x0002f430   0x0002f430   0x0000000a   Data   RO         1566    .conststrlit        ble_nus_c.o
    0x0002f43a   0x0002f43a   0x00000002   PAD
    0x0002f43c   0x0002f43c   0x00000006   Data   RO         1655    .conststrlit        nrf_drv_clock.o
    0x0002f442   0x0002f442   0x00000002   PAD
    0x0002f444   0x0002f444   0x00000006   Data   RO         1997    .conststrlit        nrfx_clock.o
    0x0002f44a   0x0002f44a   0x00000002   PAD
    0x0002f44c   0x0002f44c   0x00000007   Data   RO         2170    .conststrlit        nrfx_gpiote.o
    0x0002f453   0x0002f453   0x00000001   PAD
    0x0002f454   0x0002f454   0x00000004   Data   RO         2429    .conststrlit        nrfx_prs.o
    0x0002f458   0x0002f458   0x00000005   Data   RO         2509    .conststrlit        nrfx_uart.o
    0x0002f45d   0x0002f45d   0x00000003   PAD
    0x0002f460   0x0002f460   0x00000006   Data   RO         2693    .conststrlit        nrfx_uarte.o
    0x0002f466   0x0002f466   0x00000002   PAD
    0x0002f468   0x0002f468   0x00000005   Data   RO         2941    .conststrlit        nrfx_twim.o
    0x0002f46d   0x0002f46d   0x00000003   PAD
    0x0002f470   0x0002f470   0x00000006   Data   RO         3098    .conststrlit        nrfx_timer.o
    0x0002f476   0x0002f476   0x00000002   PAD
    0x0002f478   0x0002f478   0x0000000b   Data   RO         3232    .conststrlit        app_button.o
    0x0002f483   0x0002f483   0x00000001   PAD
    0x0002f484   0x0002f484   0x0000000a   Data   RO         3549    .conststrlit        app_timer2.o
    0x0002f48e   0x0002f48e   0x00000002   PAD
    0x0002f490   0x0002f490   0x00000009   Data   RO         4434    .conststrlit        nrf_pwr_mgmt.o
    0x0002f499   0x0002f499   0x00000003   PAD
    0x0002f49c   0x0002f49c   0x00000009   Data   RO         4720    .conststrlit        nrf_sortlist.o
    0x0002f4a5   0x0002f4a5   0x00000003   PAD
    0x0002f4a8   0x0002f4a8   0x00000006   Data   RO         4965    .conststrlit        nrfx_saadc.o
    0x0002f4ae   0x0002f4ae   0x00000002   PAD
    0x0002f4b0   0x0002f4b0   0x00000010   Data   RO         5208    .conststrlit        nrf_log_default_backends.o
    0x0002f4c0   0x0002f4c0   0x00000004   Data   RO         5274    .conststrlit        nrf_log_frontend.o
    0x0002f4c4   0x0002f4c4   0x00000008   Data   RO         5758    .conststrlit        nrf_sdh.o
    0x0002f4cc   0x0002f4cc   0x0000000c   Data   RO         5868    .conststrlit        nrf_sdh_ble.o
    0x0002f4d8   0x0002f4d8   0x0000000c   Data   RO         5918    .conststrlit        nrf_sdh_soc.o
    0x0002f4e4   0x0002f4e4   0x00000020   Data   RO         6740    Region$$Table       anon$$obj.o
    0x0002f504   0x0002f504   0x00000010   Data   RO         5210    log_backends        nrf_log_default_backends.o
    0x0002f514   0x0002f514   0x00000008   Data   RO         1071    log_const_data      ble_db_discovery.o
    0x0002f51c   0x0002f51c   0x00000008   Data   RO         1270    log_const_data      nrf_ble_gatt.o
    0x0002f524   0x0002f524   0x00000008   Data   RO         1371    log_const_data      nrf_ble_gq.o
    0x0002f52c   0x0002f52c   0x00000008   Data   RO         1456    log_const_data      nrf_ble_scan.o
    0x0002f534   0x0002f534   0x00000008   Data   RO         1567    log_const_data      ble_nus_c.o
    0x0002f53c   0x0002f53c   0x00000008   Data   RO         1656    log_const_data      nrf_drv_clock.o
    0x0002f544   0x0002f544   0x00000008   Data   RO         1999    log_const_data      nrfx_clock.o
    0x0002f54c   0x0002f54c   0x00000008   Data   RO         2171    log_const_data      nrfx_gpiote.o
    0x0002f554   0x0002f554   0x00000008   Data   RO         2431    log_const_data      nrfx_prs.o
    0x0002f55c   0x0002f55c   0x00000008   Data   RO         2510    log_const_data      nrfx_uart.o
    0x0002f564   0x0002f564   0x00000008   Data   RO         2694    log_const_data      nrfx_uarte.o
    0x0002f56c   0x0002f56c   0x00000008   Data   RO         2942    log_const_data      nrfx_twim.o
    0x0002f574   0x0002f574   0x00000008   Data   RO         3099    log_const_data      nrfx_timer.o
    0x0002f57c   0x0002f57c   0x00000008   Data   RO         3234    log_const_data      app_button.o
    0x0002f584   0x0002f584   0x00000008   Data   RO         3552    log_const_data      app_timer2.o
    0x0002f58c   0x0002f58c   0x00000008   Data   RO         4436    log_const_data      nrf_pwr_mgmt.o
    0x0002f594   0x0002f594   0x00000008   Data   RO         4721    log_const_data      nrf_sortlist.o
    0x0002f59c   0x0002f59c   0x00000008   Data   RO         4966    log_const_data      nrfx_saadc.o
    0x0002f5a4   0x0002f5a4   0x00000008   Data   RO         5278    log_const_data      nrf_log_frontend.o
    0x0002f5ac   0x0002f5ac   0x00000008   Data   RO         5760    log_const_data      nrf_sdh.o
    0x0002f5b4   0x0002f5b4   0x00000008   Data   RO         5870    log_const_data      nrf_sdh_ble.o
    0x0002f5bc   0x0002f5bc   0x00000008   Data   RO         5919    log_const_data      nrf_sdh_soc.o
    0x0002f5c4   0x0002f5c4   0x00000014   Data   RO           59    nrf_balloc          main.o
    0x0002f5d8   0x0002f5d8   0x00000014   Data   RO         5279    nrf_balloc          nrf_log_frontend.o
    0x0002f5ec   0x0002f5ec   0x00000014   Data   RO           60    nrf_queue           main.o
    0x0002f600   0x0002f600   0x00000004   Data   RO           61    pwr_mgmt_data1      main.o
    0x0002f604   0x0002f604   0x00000020   Data   RO           62    sdh_ble_observers1  main.o
    0x0002f624   0x0002f624   0x00000008   Data   RO          832    sdh_ble_observers1  bsp_btn_ble.o
    0x0002f62c   0x0002f62c   0x00000008   Data   RO           63    sdh_ble_observers2  main.o
    0x0002f634   0x0002f634   0x00000008   Data   RO           64    sdh_ble_observers3  main.o
    0x0002f63c   0x0002f63c   0x00000008   Data   RO         1657    sdh_soc_observers0  nrf_drv_clock.o
    0x0002f644   0x0002f644   0x00000008   Data   RO         5871    sdh_stack_observers0  nrf_sdh_ble.o
    0x0002f64c   0x0002f64c   0x00000008   Data   RO         5920    sdh_stack_observers0  nrf_sdh_soc.o
    0x0002f654   0x0002f654   0x00000008   Data   RO         1658    sdh_state_observers0  nrf_drv_clock.o


    Execution Region RW_IRAM1 (Exec base: 0x2000ad68, Load base: 0x0002f65c, Size: 0x00003d30, Max: 0x0000d5d8, ABSOLUTE, COMPRESSED[0x0000006c])

    Exec Addr    Load Addr    Size         Type   Attr      Idx    E Section Name        Object

    0x2000ad68   COMPRESSED   0x000005f4   Data   RW           55    .data               main.o
    0x2000b35c   COMPRESSED   0x0000000a   Data   RW           56    .data               main.o
    0x2000b366   COMPRESSED   0x00000008   Data   RW           57    .data               main.o
    0x2000b36e   COMPRESSED   0x00000002   PAD
    0x2000b370   COMPRESSED   0x00000008   Data   RW           58    .data               main.o
    0x2000b378   COMPRESSED   0x00000010   Data   RW          730    .data               bsp.o
    0x2000b388   COMPRESSED   0x00000008   Data   RW          831    .data               bsp_btn_ble.o
    0x2000b390   COMPRESSED   0x00000010   Data   RW         1070    .data               ble_db_discovery.o
    0x2000b3a0   COMPRESSED   0x0000000c   Data   RW         1792    .data               nrf_drv_uart.o
    0x2000b3ac   COMPRESSED   0x00000008   Data   RW         1998    .data               nrfx_clock.o
    0x2000b3b4   COMPRESSED   0x00000008   Data   RW         2430    .data               nrfx_prs.o
    0x2000b3bc   COMPRESSED   0x00000004   PAD
    0x2000b3c0   COMPRESSED   0x00000018   Data   RW         3233    .data               app_button.o
    0x2000b3d8   COMPRESSED   0x00000020   Data   RW         3550    .data               app_timer2.o
    0x2000b3f8   COMPRESSED   0x00000004   Data   RW         3551    .data               app_timer2.o
    0x2000b3fc   COMPRESSED   0x0000001c   Data   RW         3677    .data               app_uart_fifo.o
    0x2000b418   COMPRESSED   0x0000000c   Data   RW         3836    .data               drv_rtc.o
    0x2000b424   COMPRESSED   0x00000008   Data   RW         4435    .data               nrf_pwr_mgmt.o
    0x2000b42c   COMPRESSED   0x00000004   Data   RW         4806    .data               retarget.o
    0x2000b430   COMPRESSED   0x00000001   Data   RW         5112    .data               nrf_log_backend_rtt.o
    0x2000b431   COMPRESSED   0x00000003   PAD
    0x2000b434   COMPRESSED   0x00000008   Data   RW         5209    .data               nrf_log_default_backends.o
    0x2000b43c   COMPRESSED   0x00000004   Data   RW         5275    .data               nrf_log_frontend.o
    0x2000b440   COMPRESSED   0x00000008   Data   RW         5276    .data               nrf_log_frontend.o
    0x2000b448   COMPRESSED   0x00000008   Data   RW         5277    .data               nrf_log_frontend.o
    0x2000b450   COMPRESSED   0x00000040   Data   RW         5436    .data               nrf_log_str_formatter.o
    0x2000b490   COMPRESSED   0x00000003   Data   RW         5759    .data               nrf_sdh.o
    0x2000b493   COMPRESSED   0x00000001   Data   RW         5869    .data               nrf_sdh_ble.o
    0x2000b494   COMPRESSED   0x00000004   Data   RW         6320    .data               system_nrf52.o
    0x2000b498        -       0x00000020   Zero   RW           38    .bss                main.o
    0x2000b4b8        -       0x000006a0   Zero   RW           39    .bss                main.o
    0x2000bb58        -       0x000000a0   Zero   RW           40    .bss                main.o
    0x2000bbf8        -       0x0000000c   Zero   RW           41    .bss                main.o
    0x2000bc04        -       0x000000a0   Zero   RW           42    .bss                main.o
    0x2000bca4        -       0x0000000c   Zero   RW           43    .bss                main.o
    0x2000bcb0        -       0x000000a0   Zero   RW           44    .bss                main.o
    0x2000bd50        -       0x0000000c   Zero   RW           45    .bss                main.o
    0x2000bd5c        -       0x000000a0   Zero   RW           46    .bss                main.o
    0x2000bdfc        -       0x0000000c   Zero   RW           47    .bss                main.o
    0x2000be08        -       0x000000a0   Zero   RW           48    .bss                main.o
    0x2000bea8        -       0x0000000c   Zero   RW           49    .bss                main.o
    0x2000beb4        -       0x0000000c   Zero   RW           50    .bss                main.o
    0x2000bec0        -       0x0000000c   Zero   RW           51    .bss                main.o
    0x2000becc        -       0x000000c0   Zero   RW           52    .bss                main.o
    0x2000bf8c   COMPRESSED   0x00000004   PAD
    0x2000bf90        -       0x00000020   Zero   RW          725    .bss                bsp.o
    0x2000bfb0        -       0x00000020   Zero   RW          726    .bss                bsp.o
    0x2000bfd0        -       0x0000000c   Zero   RW          727    .bss                bsp.o
    0x2000bfdc   COMPRESSED   0x00000004   PAD
    0x2000bfe0        -       0x00000020   Zero   RW          728    .bss                bsp.o
    0x2000c000        -       0x00000018   Zero   RW         1066    .bss                ble_db_discovery.o
    0x2000c018        -       0x00000014   Zero   RW         1650    .bss                nrf_drv_clock.o
    0x2000c02c        -       0x0000005c   Zero   RW         2165    .bss                nrfx_gpiote.o
    0x2000c088        -       0x0000002c   Zero   RW         2504    .bss                nrfx_uart.o
    0x2000c0b4        -       0x00000024   Zero   RW         2688    .bss                nrfx_uarte.o
    0x2000c0d8        -       0x00000068   Zero   RW         2936    .bss                nrfx_twim.o
    0x2000c140        -       0x00000018   Zero   RW         3096    .bss                nrfx_timer.o
    0x2000c158        -       0x00000020   Zero   RW         3229    .bss                app_button.o
    0x2000c178        -       0x00000010   Zero   RW         3230    .bss                app_button.o
    0x2000c188        -       0x00000010   Zero   RW         3546    .bss                app_timer2.o
    0x2000c198        -       0x00000058   Zero   RW         3547    .bss                app_timer2.o
    0x2000c1f0        -       0x00000020   Zero   RW         3675    .bss                app_uart_fifo.o
    0x2000c210        -       0x0000000c   Zero   RW         3750    .bss                app_util_platform.o
    0x2000c21c        -       0x0000000c   Zero   RW         4431    .bss                nrf_pwr_mgmt.o
    0x2000c228        -       0x00000030   Zero   RW         4956    .bss                nrfx_saadc.o
    0x2000c258        -       0x00000040   Zero   RW         5109    .bss                nrf_log_backend_rtt.o
    0x2000c298        -       0x000000c0   Zero   RW         5269    .bss                nrf_log_frontend.o
    0x2000c358        -       0x00000080   Zero   RW         5270    .bss                nrf_log_frontend.o
    0x2000c3d8        -       0x00000018   Zero   RW         5271    .bss                nrf_log_frontend.o
    0x2000c3f0        -       0x00000420   Zero   RW         5272    .bss                nrf_log_frontend.o
    0x2000c810        -       0x00000288   Zero   RW         5512    .bss                segger_rtt.o
    0x2000ca98        -       0x00002000   Zero   RW         6306    STACK               arm_startup_nrf52.o


==============================================================================

Image component sizes


      Code (inc. data)   RO Data    RW Data    ZI Data      Debug   Object Name

       370         10        193          0          0      14511   adc.o
       664         66         27         24         48      14694   app_button.o
        22          0          0          0          0       2569   app_error.o
       132         46          0          0          0      34181   app_error_weak.o
       118          0          0          0          0       5194   app_fifo.o
       846         88         38         36        104      17097   app_timer2.o
       528         60         32         28         32      16390   app_uart_fifo.o
       124         14          0          0         12      10810   app_util_platform.o
        36          8        512          0       8192        952   arm_startup_nrf52.o
       320          0          0          0          0      45895   ble_advdata.o
      1966        156        377         16         24      32635   ble_db_discovery.o
       652         70         34          0          0      12752   ble_nus_c.o
       354         40          8          0          0      14787   boards.o
       998         84         44         16        108      16399   bsp.o
       252         10          8          8          0       9752   bsp_btn_ble.o
       458          4          6          0          0      12449   dht11.o
       704         76          6         12          0      48501   drv_rtc.o
      5082       1634        224       1550       2804     189761   main.o
       326          0          0          0          0       6131   nrf_atfifo.o
       294          0          0          0          0       8131   nrf_atomic.o
       164          0          0          0          0       3736   nrf_balloc.o
       992        272        205          0          0      38414   nrf_ble_gatt.o
      1122        114        117          0          0      11351   nrf_ble_gq.o
      1118         44         17          0          0      14215   nrf_ble_scan.o
       418         42         30          0         20      45586   nrf_drv_clock.o
         0          0          0          0          0        656   nrf_drv_twi.o
       200         26          0         12          0      18084   nrf_drv_uart.o
        50          0          0          0          0       3637   nrf_fprintf.o
       866          4         16          0          0       6682   nrf_fprintf_format.o
       112         18         18          1         64       6369   nrf_log_backend_rtt.o
       200          0          0          0          0      11029   nrf_log_backend_serial.o
        28          4         32          8          0       3421   nrf_log_default_backends.o
      1544        128         44         20       1400      32941   nrf_log_frontend.o
       570        108        102         64          0       5812   nrf_log_str_formatter.o
       346          0          0          0          0       9803   nrf_memobj.o
       292         42         53          8         12      42970   nrf_pwr_mgmt.o
       406          0          0          0          0       6599   nrf_queue.o
        28          0          0          0          0       2447   nrf_ringbuf.o
       384         46        104          3          0      43087   nrf_sdh.o
       728        234        539          1          0       6065   nrf_sdh_ble.o
        60          4         56          0          0       2548   nrf_sdh_soc.o
        78          0          0          0          0       2884   nrf_section_iter.o
        84          0         17          0          0       4265   nrf_sortlist.o
        76         10       1319          0          0       2847   nrf_strerror.o
       318         44         14          8          0      48361   nrfx_clock.o
      1268        106         19          0         92      66561   nrfx_gpiote.o
        94         16         12          8          0       3897   nrfx_prs.o
       928         70         20          0         48      18938   nrfx_saadc.o
       122         20         14          0         24      11199   nrfx_timer.o
       582         18         13          0        104      49913   nrfx_twim.o
      1368         38         17          0         44      31161   nrfx_uart.o
      1290         36         18          0         36      25739   nrfx_uarte.o
        14          0          0          4          0       2950   retarget.o
       106          0          0          0          0       3640   ringbuffer.o
       378         34          0          0        648       9233   segger_rtt.o
       156         30          0          4          0       2629   system_nrf52.o

    ----------------------------------------------------------------------
     30802       3874       4426       1840      13824    1113260   Object Totals
         0          0         32          0          0          0   (incl. Generated)
        66          0         89          9          8          0   (incl. Padding)

    ----------------------------------------------------------------------

      Code (inc. data)   RO Data    RW Data    ZI Data      Debug   Library Member Name

        56          8          0          0          0         84   __0sscanf.o
        86          0          0          0          0          0   __dczerorl2.o
        28          0          0          0          0         68   _chval.o
       812          4          0          0          0        112   _scanf.o
       332          0          0          0          0         96   _scanf_int.o
        64          0          0          0          0         84   _sgetc.o
         8          4        133          0          0         68   ctype_o.o
         0          0          0          0          0          0   entry.o
         0          0          0          0          0          0   entry10a.o
         0          0          0          0          0          0   entry11a.o
         8          4          0          0          0          0   entry2.o
         4          0          0          0          0          0   entry5.o
         0          0          0          0          0          0   entry7b.o
         0          0          0          0          0          0   entry8b.o
         8          4          0          0          0          0   entry9a.o
        30          0          0          0          0          0   handlers.o
        36          8          0          0          0         68   init.o
        18          0          0          0          0         76   isspace_o.o
         0          0          0          0          0          0   iusefp.o
        30          0          0          0          0         68   llshl.o
        32          0          0          0          0         68   llushr.o
        26          0          0          0          0         80   memcmp.o
        36          0          0          0          0         68   memcpya.o
        36          0          0          0          0        108   memseta.o
       786         62          0          0          0        336   printf5.o
        40          8          0          0          0         84   scanf_char.o
        28          0          0          0          0         76   strcmp.o
        18          0          0          0          0         68   strcpy.o
        14          0          0          0          0         68   strlen.o
        98          0          0          0          0         92   uldiv.o
       186          0          0          0          0        176   depilogue.o
        50          0          0          0          0         76   dfixui.o
        26          0          0          0          0         76   dfltui.o
       228          0          0          0          0         96   dmul.o

    ----------------------------------------------------------------------
      3130        102        134          0          0       2196   Library Totals
         6          0          1          0          0          0   (incl. Padding)

    ----------------------------------------------------------------------

      Code (inc. data)   RO Data    RW Data    ZI Data      Debug   Library Name

      2634        102        133          0          0       1772   mc_w.l
       490          0          0          0          0        424   mf_w.l

    ----------------------------------------------------------------------
      3130        102        134          0          0       2196   Library Totals

    ----------------------------------------------------------------------

==============================================================================


      Code (inc. data)   RO Data    RW Data    ZI Data      Debug   

     33932       3976       4560       1840      13824    1076696   Grand Totals
     33932       3976       4560        108      13824    1076696   ELF Image Totals (compressed)
     33932       3976       4560        108          0          0   ROM Totals

==============================================================================

    Total RO  Size (Code + RO Data)                38492 (  37.59kB)
    Total RW  Size (RW Data + ZI Data)             15664 (  15.30kB)
    Total ROM Size (Code + RO Data + RW Data)      38600 (  37.70kB)

==============================================================================

